Archive member included to satisfy reference by file (symbol)

c:/program files (x86)/atmel/studio/7.0/toolchain/avr8/avr8-gnu-toolchain/bin/../lib/gcc/avr/5.4.0/avrxmega6\libgcc.a(_exit.o)
                              C:/Program Files (x86)/Atmel/Studio/7.0/Packs/atmel/XMEGAA_DFP/1.1.68/gcc/dev/atxmega256a3bu/avrxmega6/crtatxmega256a3bu.o (exit)
c:/program files (x86)/atmel/studio/7.0/toolchain/avr8/avr8-gnu-toolchain/bin/../lib/gcc/avr/5.4.0/avrxmega6\libgcc.a(_copy_data.o)
                              src/ASF/common/services/sleepmgr/xmega/sleepmgr.o (__do_copy_data)
c:/program files (x86)/atmel/studio/7.0/toolchain/avr8/avr8-gnu-toolchain/bin/../lib/gcc/avr/5.4.0/avrxmega6\libgcc.a(_clear_bss.o)
                              src/ASF/xmega/drivers/twi/twim.o (__do_clear_bss)
c:/program files (x86)/atmel/studio/7.0/toolchain/avr8/avr8-gnu-toolchain/bin/../lib/gcc/avr/5.4.0/../../../../avr/lib/avrxmega6\libc.a(memcpy.o)
                              src/ASF/xmega/drivers/nvm/nvm.o (memcpy)

Allocating common symbols
Common symbol       size              file

sleepmgr_locks      0x6               src/ASF/common/services/sleepmgr/xmega/sleepmgr.o
slave               0x19              src/main.o

Discarded input sections

 .data          0x00000000        0x0 C:/Program Files (x86)/Atmel/Studio/7.0/Packs/atmel/XMEGAA_DFP/1.1.68/gcc/dev/atxmega256a3bu/avrxmega6/crtatxmega256a3bu.o
 .bss           0x00000000        0x0 C:/Program Files (x86)/Atmel/Studio/7.0/Packs/atmel/XMEGAA_DFP/1.1.68/gcc/dev/atxmega256a3bu/avrxmega6/crtatxmega256a3bu.o
 .group         0x00000000        0x8 src/ASF/xmega/drivers/twi/twim.o
 .group         0x00000000        0x8 src/ASF/xmega/drivers/twi/twim.o
 .group         0x00000000        0x8 src/ASF/xmega/drivers/twi/twim.o
 .group         0x00000000        0x8 src/ASF/xmega/drivers/twi/twim.o
 .group         0x00000000        0x8 src/ASF/xmega/drivers/twi/twim.o
 .group         0x00000000        0x8 src/ASF/xmega/drivers/twi/twim.o
 .group         0x00000000        0x8 src/ASF/xmega/drivers/twi/twim.o
 .group         0x00000000        0x8 src/ASF/xmega/drivers/twi/twim.o
 .group         0x00000000        0x8 src/ASF/xmega/drivers/twi/twim.o
 .group         0x00000000        0x8 src/ASF/xmega/drivers/twi/twim.o
 .group         0x00000000        0x8 src/ASF/xmega/drivers/twi/twim.o
 .group         0x00000000        0x8 src/ASF/xmega/drivers/twi/twim.o
 .group         0x00000000        0x8 src/ASF/xmega/drivers/twi/twim.o
 .group         0x00000000        0x8 src/ASF/xmega/drivers/twi/twim.o
 .group         0x00000000        0x8 src/ASF/xmega/drivers/twi/twim.o
 .group         0x00000000        0x8 src/ASF/xmega/drivers/twi/twim.o
 .group         0x00000000        0x8 src/ASF/xmega/drivers/twi/twim.o
 .group         0x00000000        0x8 src/ASF/xmega/drivers/twi/twim.o
 .group         0x00000000        0x8 src/ASF/xmega/drivers/twi/twim.o
 .group         0x00000000        0x8 src/ASF/xmega/drivers/twi/twim.o
 .group         0x00000000        0x8 src/ASF/xmega/drivers/twi/twim.o
 .group         0x00000000        0x8 src/ASF/xmega/drivers/twi/twim.o
 .group         0x00000000        0x8 src/ASF/xmega/drivers/twi/twim.o
 .group         0x00000000        0x8 src/ASF/xmega/drivers/twi/twim.o
 .group         0x00000000        0x8 src/ASF/xmega/drivers/twi/twim.o
 .group         0x00000000        0x8 src/ASF/xmega/drivers/twi/twim.o
 .group         0x00000000        0x8 src/ASF/xmega/drivers/twi/twim.o
 .group         0x00000000        0x8 src/ASF/xmega/drivers/twi/twim.o
 .group         0x00000000        0x8 src/ASF/xmega/drivers/twi/twim.o
 .group         0x00000000        0x8 src/ASF/xmega/drivers/twi/twim.o
 .group         0x00000000        0x8 src/ASF/xmega/drivers/twi/twim.o
 .group         0x00000000        0x8 src/ASF/xmega/drivers/twi/twim.o
 .group         0x00000000        0x8 src/ASF/xmega/drivers/twi/twim.o
 .group         0x00000000        0x8 src/ASF/xmega/drivers/twi/twim.o
 .text          0x00000000        0x0 src/ASF/xmega/drivers/twi/twim.o
 .data          0x00000000        0x0 src/ASF/xmega/drivers/twi/twim.o
 .bss           0x00000000        0x0 src/ASF/xmega/drivers/twi/twim.o
 .text.twi_master_init
                0x00000000       0x2a src/ASF/xmega/drivers/twi/twim.o
 .text.twi_master_transfer
                0x00000000       0xc8 src/ASF/xmega/drivers/twi/twim.o
 .group         0x00000000        0x8 src/main_pre.o
 .text          0x00000000        0x0 src/main_pre.o
 .data          0x00000000        0x0 src/main_pre.o
 .bss           0x00000000        0x0 src/main_pre.o
 .debug_info    0x00000000       0x21 src/main_pre.o
 .debug_abbrev  0x00000000       0x13 src/main_pre.o
 .debug_aranges
                0x00000000       0x18 src/main_pre.o
 .debug_macro   0x00000000       0x11 src/main_pre.o
 .debug_macro   0x00000000      0xa96 src/main_pre.o
 .debug_line    0x00000000       0x2f src/main_pre.o
 .debug_str     0x00000000     0x2c33 src/main_pre.o
 .comment       0x00000000       0x31 src/main_pre.o
 .group         0x00000000        0x8 src/ASF/xmega/drivers/twi/twis.o
 .group         0x00000000        0x8 src/ASF/xmega/drivers/twi/twis.o
 .group         0x00000000        0x8 src/ASF/xmega/drivers/twi/twis.o
 .group         0x00000000        0x8 src/ASF/xmega/drivers/twi/twis.o
 .group         0x00000000        0x8 src/ASF/xmega/drivers/twi/twis.o
 .group         0x00000000        0x8 src/ASF/xmega/drivers/twi/twis.o
 .group         0x00000000        0x8 src/ASF/xmega/drivers/twi/twis.o
 .group         0x00000000        0x8 src/ASF/xmega/drivers/twi/twis.o
 .group         0x00000000        0x8 src/ASF/xmega/drivers/twi/twis.o
 .group         0x00000000        0x8 src/ASF/xmega/drivers/twi/twis.o
 .group         0x00000000        0x8 src/ASF/xmega/drivers/twi/twis.o
 .group         0x00000000        0x8 src/ASF/xmega/drivers/twi/twis.o
 .group         0x00000000        0x8 src/ASF/xmega/drivers/twi/twis.o
 .group         0x00000000        0x8 src/ASF/xmega/drivers/twi/twis.o
 .group         0x00000000        0x8 src/ASF/xmega/drivers/twi/twis.o
 .group         0x00000000        0x8 src/ASF/xmega/drivers/twi/twis.o
 .group         0x00000000        0x8 src/ASF/xmega/drivers/twi/twis.o
 .group         0x00000000        0x8 src/ASF/xmega/drivers/twi/twis.o
 .group         0x00000000        0x8 src/ASF/xmega/drivers/twi/twis.o
 .group         0x00000000        0x8 src/ASF/xmega/drivers/twi/twis.o
 .group         0x00000000        0x8 src/ASF/xmega/drivers/twi/twis.o
 .group         0x00000000        0x8 src/ASF/xmega/drivers/twi/twis.o
 .group         0x00000000        0x8 src/ASF/xmega/drivers/twi/twis.o
 .group         0x00000000        0x8 src/ASF/xmega/drivers/twi/twis.o
 .group         0x00000000        0x8 src/ASF/xmega/drivers/twi/twis.o
 .group         0x00000000        0x8 src/ASF/xmega/drivers/twi/twis.o
 .group         0x00000000        0x8 src/ASF/xmega/drivers/twi/twis.o
 .group         0x00000000        0x8 src/ASF/xmega/drivers/twi/twis.o
 .group         0x00000000        0x8 src/ASF/xmega/drivers/twi/twis.o
 .group         0x00000000        0x8 src/ASF/xmega/drivers/twi/twis.o
 .group         0x00000000        0x8 src/ASF/xmega/drivers/twi/twis.o
 .group         0x00000000        0x8 src/ASF/xmega/drivers/twi/twis.o
 .group         0x00000000        0x8 src/ASF/xmega/drivers/twi/twis.o
 .text          0x00000000        0x0 src/ASF/xmega/drivers/twi/twis.o
 .data          0x00000000        0x0 src/ASF/xmega/drivers/twi/twis.o
 .bss           0x00000000        0x0 src/ASF/xmega/drivers/twi/twis.o
 .text.TWI_SlaveTransactionFinished
                0x00000000        0x8 src/ASF/xmega/drivers/twi/twis.o
 .debug_macro   0x00000000      0xa96 src/ASF/xmega/drivers/twi/twis.o
 .debug_macro   0x00000000       0x10 src/ASF/xmega/drivers/twi/twis.o
 .debug_macro   0x00000000      0x1c9 src/ASF/xmega/drivers/twi/twis.o
 .debug_macro   0x00000000      0x2fc src/ASF/xmega/drivers/twi/twis.o
 .debug_macro   0x00000000       0x9e src/ASF/xmega/drivers/twi/twis.o
 .debug_macro   0x00000000     0x6271 src/ASF/xmega/drivers/twi/twis.o
 .debug_macro   0x00000000       0x9a src/ASF/xmega/drivers/twi/twis.o
 .debug_macro   0x00000000       0xf1 src/ASF/xmega/drivers/twi/twis.o
 .debug_macro   0x00000000       0x34 src/ASF/xmega/drivers/twi/twis.o
 .debug_macro   0x00000000       0x16 src/ASF/xmega/drivers/twi/twis.o
 .debug_macro   0x00000000       0x18 src/ASF/xmega/drivers/twi/twis.o
 .debug_macro   0x00000000       0x5e src/ASF/xmega/drivers/twi/twis.o
 .debug_macro   0x00000000       0x10 src/ASF/xmega/drivers/twi/twis.o
 .debug_macro   0x00000000       0x22 src/ASF/xmega/drivers/twi/twis.o
 .debug_macro   0x00000000      0x16d src/ASF/xmega/drivers/twi/twis.o
 .debug_macro   0x00000000       0x1c src/ASF/xmega/drivers/twi/twis.o
 .debug_macro   0x00000000       0x35 src/ASF/xmega/drivers/twi/twis.o
 .debug_macro   0x00000000       0x66 src/ASF/xmega/drivers/twi/twis.o
 .debug_macro   0x00000000      0x64b src/ASF/xmega/drivers/twi/twis.o
 .debug_macro   0x00000000       0x97 src/ASF/xmega/drivers/twi/twis.o
 .debug_macro   0x00000000       0x17 src/ASF/xmega/drivers/twi/twis.o
 .debug_macro   0x00000000      0x250 src/ASF/xmega/drivers/twi/twis.o
 .debug_macro   0x00000000       0x76 src/ASF/xmega/drivers/twi/twis.o
 .debug_macro   0x00000000       0x16 src/ASF/xmega/drivers/twi/twis.o
 .debug_macro   0x00000000      0x6e3 src/ASF/xmega/drivers/twi/twis.o
 .debug_macro   0x00000000       0x10 src/ASF/xmega/drivers/twi/twis.o
 .debug_macro   0x00000000      0x175 src/ASF/xmega/drivers/twi/twis.o
 .debug_macro   0x00000000       0x40 src/ASF/xmega/drivers/twi/twis.o
 .debug_macro   0x00000000       0x69 src/ASF/xmega/drivers/twi/twis.o
 .debug_macro   0x00000000       0x32 src/ASF/xmega/drivers/twi/twis.o
 .debug_macro   0x00000000       0xe4 src/ASF/xmega/drivers/twi/twis.o
 .debug_macro   0x00000000       0x22 src/ASF/xmega/drivers/twi/twis.o
 .group         0x00000000        0x8 src/ASF/common/services/sleepmgr/xmega/sleepmgr.o
 .group         0x00000000        0x8 src/ASF/common/services/sleepmgr/xmega/sleepmgr.o
 .group         0x00000000        0x8 src/ASF/common/services/sleepmgr/xmega/sleepmgr.o
 .group         0x00000000        0x8 src/ASF/common/services/sleepmgr/xmega/sleepmgr.o
 .group         0x00000000        0x8 src/ASF/common/services/sleepmgr/xmega/sleepmgr.o
 .group         0x00000000        0x8 src/ASF/common/services/sleepmgr/xmega/sleepmgr.o
 .group         0x00000000        0x8 src/ASF/common/services/sleepmgr/xmega/sleepmgr.o
 .group         0x00000000        0x8 src/ASF/common/services/sleepmgr/xmega/sleepmgr.o
 .group         0x00000000        0x8 src/ASF/common/services/sleepmgr/xmega/sleepmgr.o
 .group         0x00000000        0x8 src/ASF/common/services/sleepmgr/xmega/sleepmgr.o
 .group         0x00000000        0x8 src/ASF/common/services/sleepmgr/xmega/sleepmgr.o
 .group         0x00000000        0x8 src/ASF/common/services/sleepmgr/xmega/sleepmgr.o
 .group         0x00000000        0x8 src/ASF/common/services/sleepmgr/xmega/sleepmgr.o
 .group         0x00000000        0x8 src/ASF/common/services/sleepmgr/xmega/sleepmgr.o
 .group         0x00000000        0x8 src/ASF/common/services/sleepmgr/xmega/sleepmgr.o
 .group         0x00000000        0x8 src/ASF/common/services/sleepmgr/xmega/sleepmgr.o
 .group         0x00000000        0x8 src/ASF/common/services/sleepmgr/xmega/sleepmgr.o
 .group         0x00000000        0x8 src/ASF/common/services/sleepmgr/xmega/sleepmgr.o
 .group         0x00000000        0x8 src/ASF/common/services/sleepmgr/xmega/sleepmgr.o
 .group         0x00000000        0x8 src/ASF/common/services/sleepmgr/xmega/sleepmgr.o
 .group         0x00000000        0x8 src/ASF/common/services/sleepmgr/xmega/sleepmgr.o
 .group         0x00000000        0x8 src/ASF/common/services/sleepmgr/xmega/sleepmgr.o
 .group         0x00000000        0x8 src/ASF/common/services/sleepmgr/xmega/sleepmgr.o
 .group         0x00000000        0x8 src/ASF/common/services/sleepmgr/xmega/sleepmgr.o
 .group         0x00000000        0x8 src/ASF/common/services/sleepmgr/xmega/sleepmgr.o
 .group         0x00000000        0x8 src/ASF/common/services/sleepmgr/xmega/sleepmgr.o
 .group         0x00000000        0x8 src/ASF/common/services/sleepmgr/xmega/sleepmgr.o
 .group         0x00000000        0x8 src/ASF/common/services/sleepmgr/xmega/sleepmgr.o
 .group         0x00000000        0x8 src/ASF/common/services/sleepmgr/xmega/sleepmgr.o
 .group         0x00000000        0x8 src/ASF/common/services/sleepmgr/xmega/sleepmgr.o
 .group         0x00000000        0x8 src/ASF/common/services/sleepmgr/xmega/sleepmgr.o
 .group         0x00000000        0x8 src/ASF/common/services/sleepmgr/xmega/sleepmgr.o
 .group         0x00000000        0x8 src/ASF/common/services/sleepmgr/xmega/sleepmgr.o
 .text          0x00000000        0x0 src/ASF/common/services/sleepmgr/xmega/sleepmgr.o
 .data          0x00000000        0x0 src/ASF/common/services/sleepmgr/xmega/sleepmgr.o
 .bss           0x00000000        0x0 src/ASF/common/services/sleepmgr/xmega/sleepmgr.o
 .data.sleepmgr_configs
                0x00000000        0x6 src/ASF/common/services/sleepmgr/xmega/sleepmgr.o
 .debug_macro   0x00000000      0xa96 src/ASF/common/services/sleepmgr/xmega/sleepmgr.o
 .debug_macro   0x00000000       0x10 src/ASF/common/services/sleepmgr/xmega/sleepmgr.o
 .debug_macro   0x00000000      0x1c9 src/ASF/common/services/sleepmgr/xmega/sleepmgr.o
 .debug_macro   0x00000000      0x2fc src/ASF/common/services/sleepmgr/xmega/sleepmgr.o
 .debug_macro   0x00000000       0x9e src/ASF/common/services/sleepmgr/xmega/sleepmgr.o
 .debug_macro   0x00000000     0x6271 src/ASF/common/services/sleepmgr/xmega/sleepmgr.o
 .debug_macro   0x00000000       0x9a src/ASF/common/services/sleepmgr/xmega/sleepmgr.o
 .debug_macro   0x00000000       0xf1 src/ASF/common/services/sleepmgr/xmega/sleepmgr.o
 .debug_macro   0x00000000       0x34 src/ASF/common/services/sleepmgr/xmega/sleepmgr.o
 .debug_macro   0x00000000       0x16 src/ASF/common/services/sleepmgr/xmega/sleepmgr.o
 .debug_macro   0x00000000       0x18 src/ASF/common/services/sleepmgr/xmega/sleepmgr.o
 .debug_macro   0x00000000       0x5e src/ASF/common/services/sleepmgr/xmega/sleepmgr.o
 .debug_macro   0x00000000       0x10 src/ASF/common/services/sleepmgr/xmega/sleepmgr.o
 .debug_macro   0x00000000       0x22 src/ASF/common/services/sleepmgr/xmega/sleepmgr.o
 .debug_macro   0x00000000      0x16d src/ASF/common/services/sleepmgr/xmega/sleepmgr.o
 .debug_macro   0x00000000       0x1c src/ASF/common/services/sleepmgr/xmega/sleepmgr.o
 .debug_macro   0x00000000       0x35 src/ASF/common/services/sleepmgr/xmega/sleepmgr.o
 .debug_macro   0x00000000       0x66 src/ASF/common/services/sleepmgr/xmega/sleepmgr.o
 .debug_macro   0x00000000      0x64b src/ASF/common/services/sleepmgr/xmega/sleepmgr.o
 .debug_macro   0x00000000       0x97 src/ASF/common/services/sleepmgr/xmega/sleepmgr.o
 .debug_macro   0x00000000       0x17 src/ASF/common/services/sleepmgr/xmega/sleepmgr.o
 .debug_macro   0x00000000      0x250 src/ASF/common/services/sleepmgr/xmega/sleepmgr.o
 .debug_macro   0x00000000       0x76 src/ASF/common/services/sleepmgr/xmega/sleepmgr.o
 .debug_macro   0x00000000       0x16 src/ASF/common/services/sleepmgr/xmega/sleepmgr.o
 .debug_macro   0x00000000      0x6e3 src/ASF/common/services/sleepmgr/xmega/sleepmgr.o
 .debug_macro   0x00000000       0x10 src/ASF/common/services/sleepmgr/xmega/sleepmgr.o
 .debug_macro   0x00000000      0x175 src/ASF/common/services/sleepmgr/xmega/sleepmgr.o
 .debug_macro   0x00000000       0x40 src/ASF/common/services/sleepmgr/xmega/sleepmgr.o
 .debug_macro   0x00000000       0x69 src/ASF/common/services/sleepmgr/xmega/sleepmgr.o
 .debug_macro   0x00000000       0x32 src/ASF/common/services/sleepmgr/xmega/sleepmgr.o
 .debug_macro   0x00000000       0xe4 src/ASF/common/services/sleepmgr/xmega/sleepmgr.o
 .group         0x00000000        0x8 src/ASF/common/services/clock/xmega/sysclk.o
 .group         0x00000000        0x8 src/ASF/common/services/clock/xmega/sysclk.o
 .group         0x00000000        0x8 src/ASF/common/services/clock/xmega/sysclk.o
 .group         0x00000000        0x8 src/ASF/common/services/clock/xmega/sysclk.o
 .group         0x00000000        0x8 src/ASF/common/services/clock/xmega/sysclk.o
 .group         0x00000000        0x8 src/ASF/common/services/clock/xmega/sysclk.o
 .group         0x00000000        0x8 src/ASF/common/services/clock/xmega/sysclk.o
 .group         0x00000000        0x8 src/ASF/common/services/clock/xmega/sysclk.o
 .group         0x00000000        0x8 src/ASF/common/services/clock/xmega/sysclk.o
 .group         0x00000000        0x8 src/ASF/common/services/clock/xmega/sysclk.o
 .group         0x00000000        0x8 src/ASF/common/services/clock/xmega/sysclk.o
 .group         0x00000000        0x8 src/ASF/common/services/clock/xmega/sysclk.o
 .group         0x00000000        0x8 src/ASF/common/services/clock/xmega/sysclk.o
 .group         0x00000000        0x8 src/ASF/common/services/clock/xmega/sysclk.o
 .group         0x00000000        0x8 src/ASF/common/services/clock/xmega/sysclk.o
 .group         0x00000000        0x8 src/ASF/common/services/clock/xmega/sysclk.o
 .group         0x00000000        0x8 src/ASF/common/services/clock/xmega/sysclk.o
 .group         0x00000000        0x8 src/ASF/common/services/clock/xmega/sysclk.o
 .group         0x00000000        0x8 src/ASF/common/services/clock/xmega/sysclk.o
 .group         0x00000000        0x8 src/ASF/common/services/clock/xmega/sysclk.o
 .group         0x00000000        0x8 src/ASF/common/services/clock/xmega/sysclk.o
 .group         0x00000000        0x8 src/ASF/common/services/clock/xmega/sysclk.o
 .group         0x00000000        0x8 src/ASF/common/services/clock/xmega/sysclk.o
 .group         0x00000000        0x8 src/ASF/common/services/clock/xmega/sysclk.o
 .group         0x00000000        0x8 src/ASF/common/services/clock/xmega/sysclk.o
 .group         0x00000000        0x8 src/ASF/common/services/clock/xmega/sysclk.o
 .group         0x00000000        0x8 src/ASF/common/services/clock/xmega/sysclk.o
 .group         0x00000000        0x8 src/ASF/common/services/clock/xmega/sysclk.o
 .group         0x00000000        0x8 src/ASF/common/services/clock/xmega/sysclk.o
 .group         0x00000000        0x8 src/ASF/common/services/clock/xmega/sysclk.o
 .group         0x00000000        0x8 src/ASF/common/services/clock/xmega/sysclk.o
 .group         0x00000000        0x8 src/ASF/common/services/clock/xmega/sysclk.o
 .group         0x00000000        0x8 src/ASF/common/services/clock/xmega/sysclk.o
 .group         0x00000000        0x8 src/ASF/common/services/clock/xmega/sysclk.o
 .group         0x00000000        0x8 src/ASF/common/services/clock/xmega/sysclk.o
 .group         0x00000000        0x8 src/ASF/common/services/clock/xmega/sysclk.o
 .group         0x00000000        0x8 src/ASF/common/services/clock/xmega/sysclk.o
 .group         0x00000000        0x8 src/ASF/common/services/clock/xmega/sysclk.o
 .text          0x00000000        0x0 src/ASF/common/services/clock/xmega/sysclk.o
 .data          0x00000000        0x0 src/ASF/common/services/clock/xmega/sysclk.o
 .bss           0x00000000        0x0 src/ASF/common/services/clock/xmega/sysclk.o
 .text.sysclk_disable_module
                0x00000000       0x2a src/ASF/common/services/clock/xmega/sysclk.o
 .text.sysclk_enable_usb
                0x00000000       0x50 src/ASF/common/services/clock/xmega/sysclk.o
 .text.sysclk_disable_usb
                0x00000000       0x14 src/ASF/common/services/clock/xmega/sysclk.o
 .debug_macro   0x00000000      0xa96 src/ASF/common/services/clock/xmega/sysclk.o
 .debug_macro   0x00000000       0x10 src/ASF/common/services/clock/xmega/sysclk.o
 .debug_macro   0x00000000      0x1c9 src/ASF/common/services/clock/xmega/sysclk.o
 .debug_macro   0x00000000      0x2fc src/ASF/common/services/clock/xmega/sysclk.o
 .debug_macro   0x00000000       0x9e src/ASF/common/services/clock/xmega/sysclk.o
 .debug_macro   0x00000000     0x6271 src/ASF/common/services/clock/xmega/sysclk.o
 .debug_macro   0x00000000       0x9a src/ASF/common/services/clock/xmega/sysclk.o
 .debug_macro   0x00000000       0xf1 src/ASF/common/services/clock/xmega/sysclk.o
 .debug_macro   0x00000000       0x34 src/ASF/common/services/clock/xmega/sysclk.o
 .debug_macro   0x00000000       0x16 src/ASF/common/services/clock/xmega/sysclk.o
 .debug_macro   0x00000000       0x18 src/ASF/common/services/clock/xmega/sysclk.o
 .debug_macro   0x00000000       0x5e src/ASF/common/services/clock/xmega/sysclk.o
 .debug_macro   0x00000000       0x10 src/ASF/common/services/clock/xmega/sysclk.o
 .debug_macro   0x00000000       0x22 src/ASF/common/services/clock/xmega/sysclk.o
 .debug_macro   0x00000000      0x16d src/ASF/common/services/clock/xmega/sysclk.o
 .debug_macro   0x00000000       0x1c src/ASF/common/services/clock/xmega/sysclk.o
 .debug_macro   0x00000000       0x35 src/ASF/common/services/clock/xmega/sysclk.o
 .debug_macro   0x00000000       0x66 src/ASF/common/services/clock/xmega/sysclk.o
 .debug_macro   0x00000000      0x64b src/ASF/common/services/clock/xmega/sysclk.o
 .debug_macro   0x00000000       0x97 src/ASF/common/services/clock/xmega/sysclk.o
 .debug_macro   0x00000000       0x17 src/ASF/common/services/clock/xmega/sysclk.o
 .debug_macro   0x00000000      0x250 src/ASF/common/services/clock/xmega/sysclk.o
 .debug_macro   0x00000000       0x76 src/ASF/common/services/clock/xmega/sysclk.o
 .debug_macro   0x00000000       0x16 src/ASF/common/services/clock/xmega/sysclk.o
 .debug_macro   0x00000000      0x6e3 src/ASF/common/services/clock/xmega/sysclk.o
 .debug_macro   0x00000000       0x10 src/ASF/common/services/clock/xmega/sysclk.o
 .debug_macro   0x00000000      0x175 src/ASF/common/services/clock/xmega/sysclk.o
 .debug_macro   0x00000000       0x40 src/ASF/common/services/clock/xmega/sysclk.o
 .debug_macro   0x00000000       0x69 src/ASF/common/services/clock/xmega/sysclk.o
 .debug_macro   0x00000000       0x32 src/ASF/common/services/clock/xmega/sysclk.o
 .debug_macro   0x00000000       0xe4 src/ASF/common/services/clock/xmega/sysclk.o
 .group         0x00000000        0x8 src/ASF/xmega/drivers/nvm/nvm.o
 .group         0x00000000        0x8 src/ASF/xmega/drivers/nvm/nvm.o
 .group         0x00000000        0x8 src/ASF/xmega/drivers/nvm/nvm.o
 .group         0x00000000        0x8 src/ASF/xmega/drivers/nvm/nvm.o
 .group         0x00000000        0x8 src/ASF/xmega/drivers/nvm/nvm.o
 .group         0x00000000        0x8 src/ASF/xmega/drivers/nvm/nvm.o
 .group         0x00000000        0x8 src/ASF/xmega/drivers/nvm/nvm.o
 .group         0x00000000        0x8 src/ASF/xmega/drivers/nvm/nvm.o
 .group         0x00000000        0x8 src/ASF/xmega/drivers/nvm/nvm.o
 .group         0x00000000        0x8 src/ASF/xmega/drivers/nvm/nvm.o
 .group         0x00000000        0x8 src/ASF/xmega/drivers/nvm/nvm.o
 .group         0x00000000        0x8 src/ASF/xmega/drivers/nvm/nvm.o
 .group         0x00000000        0x8 src/ASF/xmega/drivers/nvm/nvm.o
 .group         0x00000000        0x8 src/ASF/xmega/drivers/nvm/nvm.o
 .group         0x00000000        0x8 src/ASF/xmega/drivers/nvm/nvm.o
 .group         0x00000000        0x8 src/ASF/xmega/drivers/nvm/nvm.o
 .group         0x00000000        0x8 src/ASF/xmega/drivers/nvm/nvm.o
 .group         0x00000000        0x8 src/ASF/xmega/drivers/nvm/nvm.o
 .group         0x00000000        0x8 src/ASF/xmega/drivers/nvm/nvm.o
 .group         0x00000000        0x8 src/ASF/xmega/drivers/nvm/nvm.o
 .group         0x00000000        0x8 src/ASF/xmega/drivers/nvm/nvm.o
 .group         0x00000000        0x8 src/ASF/xmega/drivers/nvm/nvm.o
 .group         0x00000000        0x8 src/ASF/xmega/drivers/nvm/nvm.o
 .group         0x00000000        0x8 src/ASF/xmega/drivers/nvm/nvm.o
 .group         0x00000000        0x8 src/ASF/xmega/drivers/nvm/nvm.o
 .group         0x00000000        0x8 src/ASF/xmega/drivers/nvm/nvm.o
 .group         0x00000000        0x8 src/ASF/xmega/drivers/nvm/nvm.o
 .group         0x00000000        0x8 src/ASF/xmega/drivers/nvm/nvm.o
 .group         0x00000000        0x8 src/ASF/xmega/drivers/nvm/nvm.o
 .group         0x00000000        0x8 src/ASF/xmega/drivers/nvm/nvm.o
 .group         0x00000000        0x8 src/ASF/xmega/drivers/nvm/nvm.o
 .group         0x00000000        0x8 src/ASF/xmega/drivers/nvm/nvm.o
 .group         0x00000000        0x8 src/ASF/xmega/drivers/nvm/nvm.o
 .text          0x00000000        0x0 src/ASF/xmega/drivers/nvm/nvm.o
 .data          0x00000000        0x0 src/ASF/xmega/drivers/nvm/nvm.o
 .bss           0x00000000        0x0 src/ASF/xmega/drivers/nvm/nvm.o
 .text.nvm_read_device_serial
                0x00000000       0x90 src/ASF/xmega/drivers/nvm/nvm.o
 .text.nvm_eeprom_read_byte
                0x00000000       0x22 src/ASF/xmega/drivers/nvm/nvm.o
 .text.nvm_eeprom_read_buffer
                0x00000000       0x32 src/ASF/xmega/drivers/nvm/nvm.o
 .text.nvm_eeprom_flush_buffer
                0x00000000       0x24 src/ASF/xmega/drivers/nvm/nvm.o
 .text.nvm_eeprom_load_byte_to_buffer
                0x00000000       0x24 src/ASF/xmega/drivers/nvm/nvm.o
 .text.nvm_eeprom_write_byte
                0x00000000       0x50 src/ASF/xmega/drivers/nvm/nvm.o
 .text.nvm_eeprom_load_page_to_buffer
                0x00000000       0x2e src/ASF/xmega/drivers/nvm/nvm.o
 .text.nvm_eeprom_atomic_write_page
                0x00000000       0x3c src/ASF/xmega/drivers/nvm/nvm.o
 .text.nvm_eeprom_erase_and_write_buffer
                0x00000000       0x86 src/ASF/xmega/drivers/nvm/nvm.o
 .text.nvm_eeprom_split_write_page
                0x00000000       0x3c src/ASF/xmega/drivers/nvm/nvm.o
 .text.nvm_eeprom_fill_buffer_with_value
                0x00000000       0x2a src/ASF/xmega/drivers/nvm/nvm.o
 .text.nvm_eeprom_erase_bytes_in_page
                0x00000000       0x3c src/ASF/xmega/drivers/nvm/nvm.o
 .text.nvm_eeprom_erase_page
                0x00000000       0x14 src/ASF/xmega/drivers/nvm/nvm.o
 .text.nvm_eeprom_erase_bytes_in_all_pages
                0x00000000       0x2e src/ASF/xmega/drivers/nvm/nvm.o
 .text.nvm_eeprom_erase_all
                0x00000000        0xc src/ASF/xmega/drivers/nvm/nvm.o
 .text.nvm_issue_flash_range_crc
                0x00000000       0x5a src/ASF/xmega/drivers/nvm/nvm.o
 .text.nvm_flash_read_buffer
                0x00000000       0x30 src/ASF/xmega/drivers/nvm/nvm.o
 .text.nvm_user_sig_read_buffer
                0x00000000       0x3c src/ASF/xmega/drivers/nvm/nvm.o
 .text.nvm_user_sig_write_buffer
                0x00000000      0x14e src/ASF/xmega/drivers/nvm/nvm.o
 .text.nvm_flash_erase_and_write_buffer
                0x00000000      0x18e src/ASF/xmega/drivers/nvm/nvm.o
 .text.nvm_fuses_read
                0x00000000       0x32 src/ASF/xmega/drivers/nvm/nvm.o
 .debug_info    0x00000000     0x13b2 src/ASF/xmega/drivers/nvm/nvm.o
 .debug_abbrev  0x00000000      0x3bd src/ASF/xmega/drivers/nvm/nvm.o
 .debug_loc     0x00000000     0x1220 src/ASF/xmega/drivers/nvm/nvm.o
 .debug_aranges
                0x00000000       0xc0 src/ASF/xmega/drivers/nvm/nvm.o
 .debug_ranges  0x00000000       0xb0 src/ASF/xmega/drivers/nvm/nvm.o
 .debug_macro   0x00000000      0x198 src/ASF/xmega/drivers/nvm/nvm.o
 .debug_macro   0x00000000      0xa96 src/ASF/xmega/drivers/nvm/nvm.o
 .debug_macro   0x00000000       0x10 src/ASF/xmega/drivers/nvm/nvm.o
 .debug_macro   0x00000000      0x1c9 src/ASF/xmega/drivers/nvm/nvm.o
 .debug_macro   0x00000000      0x2fc src/ASF/xmega/drivers/nvm/nvm.o
 .debug_macro   0x00000000       0x9e src/ASF/xmega/drivers/nvm/nvm.o
 .debug_macro   0x00000000     0x6271 src/ASF/xmega/drivers/nvm/nvm.o
 .debug_macro   0x00000000       0x9a src/ASF/xmega/drivers/nvm/nvm.o
 .debug_macro   0x00000000       0xf1 src/ASF/xmega/drivers/nvm/nvm.o
 .debug_macro   0x00000000       0x34 src/ASF/xmega/drivers/nvm/nvm.o
 .debug_macro   0x00000000       0x16 src/ASF/xmega/drivers/nvm/nvm.o
 .debug_macro   0x00000000       0x18 src/ASF/xmega/drivers/nvm/nvm.o
 .debug_macro   0x00000000       0x5e src/ASF/xmega/drivers/nvm/nvm.o
 .debug_macro   0x00000000       0x10 src/ASF/xmega/drivers/nvm/nvm.o
 .debug_macro   0x00000000       0x22 src/ASF/xmega/drivers/nvm/nvm.o
 .debug_macro   0x00000000      0x16d src/ASF/xmega/drivers/nvm/nvm.o
 .debug_macro   0x00000000       0x1c src/ASF/xmega/drivers/nvm/nvm.o
 .debug_macro   0x00000000       0x35 src/ASF/xmega/drivers/nvm/nvm.o
 .debug_macro   0x00000000       0x66 src/ASF/xmega/drivers/nvm/nvm.o
 .debug_macro   0x00000000      0x64b src/ASF/xmega/drivers/nvm/nvm.o
 .debug_macro   0x00000000       0x97 src/ASF/xmega/drivers/nvm/nvm.o
 .debug_macro   0x00000000       0x17 src/ASF/xmega/drivers/nvm/nvm.o
 .debug_macro   0x00000000      0x250 src/ASF/xmega/drivers/nvm/nvm.o
 .debug_macro   0x00000000       0x76 src/ASF/xmega/drivers/nvm/nvm.o
 .debug_macro   0x00000000       0x16 src/ASF/xmega/drivers/nvm/nvm.o
 .debug_macro   0x00000000      0x6e3 src/ASF/xmega/drivers/nvm/nvm.o
 .debug_macro   0x00000000       0x10 src/ASF/xmega/drivers/nvm/nvm.o
 .debug_macro   0x00000000      0x175 src/ASF/xmega/drivers/nvm/nvm.o
 .debug_macro   0x00000000       0x40 src/ASF/xmega/drivers/nvm/nvm.o
 .debug_macro   0x00000000       0x69 src/ASF/xmega/drivers/nvm/nvm.o
 .debug_macro   0x00000000       0x32 src/ASF/xmega/drivers/nvm/nvm.o
 .debug_macro   0x00000000       0xe4 src/ASF/xmega/drivers/nvm/nvm.o
 .debug_macro   0x00000000       0x26 src/ASF/xmega/drivers/nvm/nvm.o
 .debug_macro   0x00000000       0x16 src/ASF/xmega/drivers/nvm/nvm.o
 .debug_line    0x00000000      0xb64 src/ASF/xmega/drivers/nvm/nvm.o
 .debug_str     0x00000000    0x28f8c src/ASF/xmega/drivers/nvm/nvm.o
 .comment       0x00000000       0x31 src/ASF/xmega/drivers/nvm/nvm.o
 .debug_frame   0x00000000      0x338 src/ASF/xmega/drivers/nvm/nvm.o
 .group         0x00000000        0x8 src/ASF/xmega/drivers/tc/tc.o
 .group         0x00000000        0x8 src/ASF/xmega/drivers/tc/tc.o
 .group         0x00000000        0x8 src/ASF/xmega/drivers/tc/tc.o
 .group         0x00000000        0x8 src/ASF/xmega/drivers/tc/tc.o
 .group         0x00000000        0x8 src/ASF/xmega/drivers/tc/tc.o
 .group         0x00000000        0x8 src/ASF/xmega/drivers/tc/tc.o
 .group         0x00000000        0x8 src/ASF/xmega/drivers/tc/tc.o
 .group         0x00000000        0x8 src/ASF/xmega/drivers/tc/tc.o
 .group         0x00000000        0x8 src/ASF/xmega/drivers/tc/tc.o
 .group         0x00000000        0x8 src/ASF/xmega/drivers/tc/tc.o
 .group         0x00000000        0x8 src/ASF/xmega/drivers/tc/tc.o
 .group         0x00000000        0x8 src/ASF/xmega/drivers/tc/tc.o
 .group         0x00000000        0x8 src/ASF/xmega/drivers/tc/tc.o
 .group         0x00000000        0x8 src/ASF/xmega/drivers/tc/tc.o
 .group         0x00000000        0x8 src/ASF/xmega/drivers/tc/tc.o
 .group         0x00000000        0x8 src/ASF/xmega/drivers/tc/tc.o
 .group         0x00000000        0x8 src/ASF/xmega/drivers/tc/tc.o
 .group         0x00000000        0x8 src/ASF/xmega/drivers/tc/tc.o
 .group         0x00000000        0x8 src/ASF/xmega/drivers/tc/tc.o
 .group         0x00000000        0x8 src/ASF/xmega/drivers/tc/tc.o
 .group         0x00000000        0x8 src/ASF/xmega/drivers/tc/tc.o
 .group         0x00000000        0x8 src/ASF/xmega/drivers/tc/tc.o
 .group         0x00000000        0x8 src/ASF/xmega/drivers/tc/tc.o
 .group         0x00000000        0x8 src/ASF/xmega/drivers/tc/tc.o
 .group         0x00000000        0x8 src/ASF/xmega/drivers/tc/tc.o
 .group         0x00000000        0x8 src/ASF/xmega/drivers/tc/tc.o
 .group         0x00000000        0x8 src/ASF/xmega/drivers/tc/tc.o
 .group         0x00000000        0x8 src/ASF/xmega/drivers/tc/tc.o
 .group         0x00000000        0x8 src/ASF/xmega/drivers/tc/tc.o
 .group         0x00000000        0x8 src/ASF/xmega/drivers/tc/tc.o
 .group         0x00000000        0x8 src/ASF/xmega/drivers/tc/tc.o
 .group         0x00000000        0x8 src/ASF/xmega/drivers/tc/tc.o
 .group         0x00000000        0x8 src/ASF/xmega/drivers/tc/tc.o
 .group         0x00000000        0x8 src/ASF/xmega/drivers/tc/tc.o
 .group         0x00000000        0x8 src/ASF/xmega/drivers/tc/tc.o
 .group         0x00000000        0x8 src/ASF/xmega/drivers/tc/tc.o
 .group         0x00000000        0x8 src/ASF/xmega/drivers/tc/tc.o
 .group         0x00000000        0x8 src/ASF/xmega/drivers/tc/tc.o
 .group         0x00000000        0x8 src/ASF/xmega/drivers/tc/tc.o
 .group         0x00000000        0x8 src/ASF/xmega/drivers/tc/tc.o
 .text          0x00000000        0x0 src/ASF/xmega/drivers/tc/tc.o
 .data          0x00000000        0x0 src/ASF/xmega/drivers/tc/tc.o
 .bss           0x00000000        0x0 src/ASF/xmega/drivers/tc/tc.o
 .text.tc_disable
                0x00000000      0x102 src/ASF/xmega/drivers/tc/tc.o
 .text.tc_set_error_interrupt_callback
                0x00000000       0x7c src/ASF/xmega/drivers/tc/tc.o
 .text.tc_set_cca_interrupt_callback
                0x00000000       0x7c src/ASF/xmega/drivers/tc/tc.o
 .text.tc_set_ccb_interrupt_callback
                0x00000000       0x7c src/ASF/xmega/drivers/tc/tc.o
 .text.tc_set_ccc_interrupt_callback
                0x00000000       0x46 src/ASF/xmega/drivers/tc/tc.o
 .text.tc_set_ccd_interrupt_callback
                0x00000000       0x46 src/ASF/xmega/drivers/tc/tc.o
 .debug_macro   0x00000000      0xa96 src/ASF/xmega/drivers/tc/tc.o
 .debug_macro   0x00000000      0x1c9 src/ASF/xmega/drivers/tc/tc.o
 .debug_macro   0x00000000      0x64b src/ASF/xmega/drivers/tc/tc.o
 .debug_macro   0x00000000       0x10 src/ASF/xmega/drivers/tc/tc.o
 .debug_macro   0x00000000       0x9e src/ASF/xmega/drivers/tc/tc.o
 .debug_macro   0x00000000     0x6271 src/ASF/xmega/drivers/tc/tc.o
 .debug_macro   0x00000000       0x9a src/ASF/xmega/drivers/tc/tc.o
 .debug_macro   0x00000000       0xf1 src/ASF/xmega/drivers/tc/tc.o
 .debug_macro   0x00000000       0x34 src/ASF/xmega/drivers/tc/tc.o
 .debug_macro   0x00000000       0x16 src/ASF/xmega/drivers/tc/tc.o
 .debug_macro   0x00000000       0x18 src/ASF/xmega/drivers/tc/tc.o
 .debug_macro   0x00000000       0x5e src/ASF/xmega/drivers/tc/tc.o
 .debug_macro   0x00000000       0x10 src/ASF/xmega/drivers/tc/tc.o
 .debug_macro   0x00000000       0x22 src/ASF/xmega/drivers/tc/tc.o
 .debug_macro   0x00000000      0x16d src/ASF/xmega/drivers/tc/tc.o
 .debug_macro   0x00000000       0x1c src/ASF/xmega/drivers/tc/tc.o
 .debug_macro   0x00000000       0x35 src/ASF/xmega/drivers/tc/tc.o
 .debug_macro   0x00000000       0x66 src/ASF/xmega/drivers/tc/tc.o
 .debug_macro   0x00000000       0x97 src/ASF/xmega/drivers/tc/tc.o
 .debug_macro   0x00000000       0x17 src/ASF/xmega/drivers/tc/tc.o
 .debug_macro   0x00000000      0x250 src/ASF/xmega/drivers/tc/tc.o
 .debug_macro   0x00000000       0x76 src/ASF/xmega/drivers/tc/tc.o
 .debug_macro   0x00000000       0x16 src/ASF/xmega/drivers/tc/tc.o
 .debug_macro   0x00000000      0x6e3 src/ASF/xmega/drivers/tc/tc.o
 .debug_macro   0x00000000       0x10 src/ASF/xmega/drivers/tc/tc.o
 .debug_macro   0x00000000      0x175 src/ASF/xmega/drivers/tc/tc.o
 .debug_macro   0x00000000       0x40 src/ASF/xmega/drivers/tc/tc.o
 .debug_macro   0x00000000       0xe4 src/ASF/xmega/drivers/tc/tc.o
 .debug_macro   0x00000000       0x69 src/ASF/xmega/drivers/tc/tc.o
 .debug_macro   0x00000000       0x32 src/ASF/xmega/drivers/tc/tc.o
 .debug_macro   0x00000000       0x10 src/ASF/xmega/drivers/tc/tc.o
 .debug_macro   0x00000000       0x42 src/ASF/xmega/drivers/tc/tc.o
 .debug_macro   0x00000000       0x22 src/ASF/xmega/drivers/tc/tc.o
 .debug_macro   0x00000000      0x2c6 src/ASF/xmega/drivers/tc/tc.o
 .debug_macro   0x00000000      0x303 src/ASF/xmega/drivers/tc/tc.o
 .debug_macro   0x00000000       0x7d src/ASF/xmega/drivers/tc/tc.o
 .debug_macro   0x00000000       0x2f src/ASF/xmega/drivers/tc/tc.o
 .debug_macro   0x00000000      0x154 src/ASF/xmega/drivers/tc/tc.o
 .text          0x00000000        0x0 src/ASF/xmega/drivers/nvm/nvm_asm.o
 .data          0x00000000        0x0 src/ASF/xmega/drivers/nvm/nvm_asm.o
 .bss           0x00000000        0x0 src/ASF/xmega/drivers/nvm/nvm_asm.o
 .text.nvm_read_byte
                0x00000000       0x14 src/ASF/xmega/drivers/nvm/nvm_asm.o
 .BOOT          0x00000000       0x44 src/ASF/xmega/drivers/nvm/nvm_asm.o
 .debug_line    0x00000000      0x11f src/ASF/xmega/drivers/nvm/nvm_asm.o
 .debug_info    0x00000000       0x8e src/ASF/xmega/drivers/nvm/nvm_asm.o
 .debug_abbrev  0x00000000       0x12 src/ASF/xmega/drivers/nvm/nvm_asm.o
 .debug_aranges
                0x00000000       0x28 src/ASF/xmega/drivers/nvm/nvm_asm.o
 .debug_ranges  0x00000000       0x20 src/ASF/xmega/drivers/nvm/nvm_asm.o
 .text          0x00000000        0x0 src/ASF/xmega/drivers/cpu/ccp.o
 .data          0x00000000        0x0 src/ASF/xmega/drivers/cpu/ccp.o
 .bss           0x00000000        0x0 src/ASF/xmega/drivers/cpu/ccp.o
 .text.ccp_write_io
                0x00000000        0xc src/ASF/xmega/drivers/cpu/ccp.o
 .debug_line    0x00000000       0x6e src/ASF/xmega/drivers/cpu/ccp.o
 .debug_info    0x00000000       0x8e src/ASF/xmega/drivers/cpu/ccp.o
 .debug_abbrev  0x00000000       0x14 src/ASF/xmega/drivers/cpu/ccp.o
 .debug_aranges
                0x00000000       0x20 src/ASF/xmega/drivers/cpu/ccp.o
 .group         0x00000000        0x8 src/ASF/common/services/ioport/xmega/ioport_compat.o
 .group         0x00000000        0x8 src/ASF/common/services/ioport/xmega/ioport_compat.o
 .group         0x00000000        0x8 src/ASF/common/services/ioport/xmega/ioport_compat.o
 .group         0x00000000        0x8 src/ASF/common/services/ioport/xmega/ioport_compat.o
 .group         0x00000000        0x8 src/ASF/common/services/ioport/xmega/ioport_compat.o
 .group         0x00000000        0x8 src/ASF/common/services/ioport/xmega/ioport_compat.o
 .group         0x00000000        0x8 src/ASF/common/services/ioport/xmega/ioport_compat.o
 .group         0x00000000        0x8 src/ASF/common/services/ioport/xmega/ioport_compat.o
 .group         0x00000000        0x8 src/ASF/common/services/ioport/xmega/ioport_compat.o
 .group         0x00000000        0x8 src/ASF/common/services/ioport/xmega/ioport_compat.o
 .group         0x00000000        0x8 src/ASF/common/services/ioport/xmega/ioport_compat.o
 .group         0x00000000        0x8 src/ASF/common/services/ioport/xmega/ioport_compat.o
 .group         0x00000000        0x8 src/ASF/common/services/ioport/xmega/ioport_compat.o
 .group         0x00000000        0x8 src/ASF/common/services/ioport/xmega/ioport_compat.o
 .group         0x00000000        0x8 src/ASF/common/services/ioport/xmega/ioport_compat.o
 .group         0x00000000        0x8 src/ASF/common/services/ioport/xmega/ioport_compat.o
 .group         0x00000000        0x8 src/ASF/common/services/ioport/xmega/ioport_compat.o
 .group         0x00000000        0x8 src/ASF/common/services/ioport/xmega/ioport_compat.o
 .group         0x00000000        0x8 src/ASF/common/services/ioport/xmega/ioport_compat.o
 .group         0x00000000        0x8 src/ASF/common/services/ioport/xmega/ioport_compat.o
 .group         0x00000000        0x8 src/ASF/common/services/ioport/xmega/ioport_compat.o
 .group         0x00000000        0x8 src/ASF/common/services/ioport/xmega/ioport_compat.o
 .group         0x00000000        0x8 src/ASF/common/services/ioport/xmega/ioport_compat.o
 .group         0x00000000        0x8 src/ASF/common/services/ioport/xmega/ioport_compat.o
 .group         0x00000000        0x8 src/ASF/common/services/ioport/xmega/ioport_compat.o
 .group         0x00000000        0x8 src/ASF/common/services/ioport/xmega/ioport_compat.o
 .group         0x00000000        0x8 src/ASF/common/services/ioport/xmega/ioport_compat.o
 .group         0x00000000        0x8 src/ASF/common/services/ioport/xmega/ioport_compat.o
 .group         0x00000000        0x8 src/ASF/common/services/ioport/xmega/ioport_compat.o
 .group         0x00000000        0x8 src/ASF/common/services/ioport/xmega/ioport_compat.o
 .group         0x00000000        0x8 src/ASF/common/services/ioport/xmega/ioport_compat.o
 .group         0x00000000        0x8 src/ASF/common/services/ioport/xmega/ioport_compat.o
 .group         0x00000000        0x8 src/ASF/common/services/ioport/xmega/ioport_compat.o
 .text          0x00000000        0x0 src/ASF/common/services/ioport/xmega/ioport_compat.o
 .data          0x00000000        0x0 src/ASF/common/services/ioport/xmega/ioport_compat.o
 .bss           0x00000000        0x0 src/ASF/common/services/ioport/xmega/ioport_compat.o
 .debug_macro   0x00000000      0xa96 src/ASF/common/services/ioport/xmega/ioport_compat.o
 .debug_macro   0x00000000      0x64b src/ASF/common/services/ioport/xmega/ioport_compat.o
 .debug_macro   0x00000000       0x10 src/ASF/common/services/ioport/xmega/ioport_compat.o
 .debug_macro   0x00000000      0x1c9 src/ASF/common/services/ioport/xmega/ioport_compat.o
 .debug_macro   0x00000000      0x2fc src/ASF/common/services/ioport/xmega/ioport_compat.o
 .debug_macro   0x00000000       0x9e src/ASF/common/services/ioport/xmega/ioport_compat.o
 .debug_macro   0x00000000     0x6271 src/ASF/common/services/ioport/xmega/ioport_compat.o
 .debug_macro   0x00000000       0x9a src/ASF/common/services/ioport/xmega/ioport_compat.o
 .debug_macro   0x00000000       0xf1 src/ASF/common/services/ioport/xmega/ioport_compat.o
 .debug_macro   0x00000000       0x34 src/ASF/common/services/ioport/xmega/ioport_compat.o
 .debug_macro   0x00000000       0x16 src/ASF/common/services/ioport/xmega/ioport_compat.o
 .debug_macro   0x00000000       0x18 src/ASF/common/services/ioport/xmega/ioport_compat.o
 .debug_macro   0x00000000       0x5e src/ASF/common/services/ioport/xmega/ioport_compat.o
 .debug_macro   0x00000000       0x10 src/ASF/common/services/ioport/xmega/ioport_compat.o
 .debug_macro   0x00000000       0x22 src/ASF/common/services/ioport/xmega/ioport_compat.o
 .debug_macro   0x00000000      0x16d src/ASF/common/services/ioport/xmega/ioport_compat.o
 .debug_macro   0x00000000       0x1c src/ASF/common/services/ioport/xmega/ioport_compat.o
 .debug_macro   0x00000000       0x35 src/ASF/common/services/ioport/xmega/ioport_compat.o
 .debug_macro   0x00000000       0x66 src/ASF/common/services/ioport/xmega/ioport_compat.o
 .debug_macro   0x00000000       0x97 src/ASF/common/services/ioport/xmega/ioport_compat.o
 .debug_macro   0x00000000       0x17 src/ASF/common/services/ioport/xmega/ioport_compat.o
 .debug_macro   0x00000000      0x250 src/ASF/common/services/ioport/xmega/ioport_compat.o
 .debug_macro   0x00000000       0x76 src/ASF/common/services/ioport/xmega/ioport_compat.o
 .debug_macro   0x00000000       0x16 src/ASF/common/services/ioport/xmega/ioport_compat.o
 .debug_macro   0x00000000      0x6e3 src/ASF/common/services/ioport/xmega/ioport_compat.o
 .debug_macro   0x00000000       0x10 src/ASF/common/services/ioport/xmega/ioport_compat.o
 .debug_macro   0x00000000      0x175 src/ASF/common/services/ioport/xmega/ioport_compat.o
 .debug_macro   0x00000000       0x40 src/ASF/common/services/ioport/xmega/ioport_compat.o
 .debug_macro   0x00000000       0x69 src/ASF/common/services/ioport/xmega/ioport_compat.o
 .debug_macro   0x00000000       0x32 src/ASF/common/services/ioport/xmega/ioport_compat.o
 .debug_macro   0x00000000       0xe4 src/ASF/common/services/ioport/xmega/ioport_compat.o
 .group         0x00000000        0x8 src/ASF/xmega/boards/xmega_a3bu_xplained/init.o
 .group         0x00000000        0x8 src/ASF/xmega/boards/xmega_a3bu_xplained/init.o
 .group         0x00000000        0x8 src/ASF/xmega/boards/xmega_a3bu_xplained/init.o
 .group         0x00000000        0x8 src/ASF/xmega/boards/xmega_a3bu_xplained/init.o
 .group         0x00000000        0x8 src/ASF/xmega/boards/xmega_a3bu_xplained/init.o
 .group         0x00000000        0x8 src/ASF/xmega/boards/xmega_a3bu_xplained/init.o
 .group         0x00000000        0x8 src/ASF/xmega/boards/xmega_a3bu_xplained/init.o
 .group         0x00000000        0x8 src/ASF/xmega/boards/xmega_a3bu_xplained/init.o
 .group         0x00000000        0x8 src/ASF/xmega/boards/xmega_a3bu_xplained/init.o
 .group         0x00000000        0x8 src/ASF/xmega/boards/xmega_a3bu_xplained/init.o
 .group         0x00000000        0x8 src/ASF/xmega/boards/xmega_a3bu_xplained/init.o
 .group         0x00000000        0x8 src/ASF/xmega/boards/xmega_a3bu_xplained/init.o
 .group         0x00000000        0x8 src/ASF/xmega/boards/xmega_a3bu_xplained/init.o
 .group         0x00000000        0x8 src/ASF/xmega/boards/xmega_a3bu_xplained/init.o
 .group         0x00000000        0x8 src/ASF/xmega/boards/xmega_a3bu_xplained/init.o
 .group         0x00000000        0x8 src/ASF/xmega/boards/xmega_a3bu_xplained/init.o
 .group         0x00000000        0x8 src/ASF/xmega/boards/xmega_a3bu_xplained/init.o
 .group         0x00000000        0x8 src/ASF/xmega/boards/xmega_a3bu_xplained/init.o
 .group         0x00000000        0x8 src/ASF/xmega/boards/xmega_a3bu_xplained/init.o
 .group         0x00000000        0x8 src/ASF/xmega/boards/xmega_a3bu_xplained/init.o
 .group         0x00000000        0x8 src/ASF/xmega/boards/xmega_a3bu_xplained/init.o
 .group         0x00000000        0x8 src/ASF/xmega/boards/xmega_a3bu_xplained/init.o
 .group         0x00000000        0x8 src/ASF/xmega/boards/xmega_a3bu_xplained/init.o
 .group         0x00000000        0x8 src/ASF/xmega/boards/xmega_a3bu_xplained/init.o
 .group         0x00000000        0x8 src/ASF/xmega/boards/xmega_a3bu_xplained/init.o
 .group         0x00000000        0x8 src/ASF/xmega/boards/xmega_a3bu_xplained/init.o
 .group         0x00000000        0x8 src/ASF/xmega/boards/xmega_a3bu_xplained/init.o
 .group         0x00000000        0x8 src/ASF/xmega/boards/xmega_a3bu_xplained/init.o
 .group         0x00000000        0x8 src/ASF/xmega/boards/xmega_a3bu_xplained/init.o
 .group         0x00000000        0x8 src/ASF/xmega/boards/xmega_a3bu_xplained/init.o
 .group         0x00000000        0x8 src/ASF/xmega/boards/xmega_a3bu_xplained/init.o
 .group         0x00000000        0x8 src/ASF/xmega/boards/xmega_a3bu_xplained/init.o
 .group         0x00000000        0x8 src/ASF/xmega/boards/xmega_a3bu_xplained/init.o
 .group         0x00000000        0x8 src/ASF/xmega/boards/xmega_a3bu_xplained/init.o
 .group         0x00000000        0x8 src/ASF/xmega/boards/xmega_a3bu_xplained/init.o
 .group         0x00000000        0x8 src/ASF/xmega/boards/xmega_a3bu_xplained/init.o
 .text          0x00000000        0x0 src/ASF/xmega/boards/xmega_a3bu_xplained/init.o
 .data          0x00000000        0x0 src/ASF/xmega/boards/xmega_a3bu_xplained/init.o
 .bss           0x00000000        0x0 src/ASF/xmega/boards/xmega_a3bu_xplained/init.o
 .debug_macro   0x00000000      0xa96 src/ASF/xmega/boards/xmega_a3bu_xplained/init.o
 .debug_macro   0x00000000       0x10 src/ASF/xmega/boards/xmega_a3bu_xplained/init.o
 .debug_macro   0x00000000      0x1c9 src/ASF/xmega/boards/xmega_a3bu_xplained/init.o
 .debug_macro   0x00000000      0x2fc src/ASF/xmega/boards/xmega_a3bu_xplained/init.o
 .debug_macro   0x00000000       0x9e src/ASF/xmega/boards/xmega_a3bu_xplained/init.o
 .debug_macro   0x00000000     0x6271 src/ASF/xmega/boards/xmega_a3bu_xplained/init.o
 .debug_macro   0x00000000       0x9a src/ASF/xmega/boards/xmega_a3bu_xplained/init.o
 .debug_macro   0x00000000       0xf1 src/ASF/xmega/boards/xmega_a3bu_xplained/init.o
 .debug_macro   0x00000000       0x34 src/ASF/xmega/boards/xmega_a3bu_xplained/init.o
 .debug_macro   0x00000000       0x16 src/ASF/xmega/boards/xmega_a3bu_xplained/init.o
 .debug_macro   0x00000000       0x18 src/ASF/xmega/boards/xmega_a3bu_xplained/init.o
 .debug_macro   0x00000000       0x5e src/ASF/xmega/boards/xmega_a3bu_xplained/init.o
 .debug_macro   0x00000000       0x10 src/ASF/xmega/boards/xmega_a3bu_xplained/init.o
 .debug_macro   0x00000000       0x22 src/ASF/xmega/boards/xmega_a3bu_xplained/init.o
 .debug_macro   0x00000000      0x16d src/ASF/xmega/boards/xmega_a3bu_xplained/init.o
 .debug_macro   0x00000000       0x1c src/ASF/xmega/boards/xmega_a3bu_xplained/init.o
 .debug_macro   0x00000000       0x35 src/ASF/xmega/boards/xmega_a3bu_xplained/init.o
 .debug_macro   0x00000000       0x66 src/ASF/xmega/boards/xmega_a3bu_xplained/init.o
 .debug_macro   0x00000000      0x64b src/ASF/xmega/boards/xmega_a3bu_xplained/init.o
 .debug_macro   0x00000000       0x97 src/ASF/xmega/boards/xmega_a3bu_xplained/init.o
 .debug_macro   0x00000000       0x17 src/ASF/xmega/boards/xmega_a3bu_xplained/init.o
 .debug_macro   0x00000000      0x250 src/ASF/xmega/boards/xmega_a3bu_xplained/init.o
 .debug_macro   0x00000000       0x76 src/ASF/xmega/boards/xmega_a3bu_xplained/init.o
 .debug_macro   0x00000000       0x16 src/ASF/xmega/boards/xmega_a3bu_xplained/init.o
 .debug_macro   0x00000000      0x6e3 src/ASF/xmega/boards/xmega_a3bu_xplained/init.o
 .debug_macro   0x00000000       0x10 src/ASF/xmega/boards/xmega_a3bu_xplained/init.o
 .debug_macro   0x00000000      0x175 src/ASF/xmega/boards/xmega_a3bu_xplained/init.o
 .debug_macro   0x00000000       0x40 src/ASF/xmega/boards/xmega_a3bu_xplained/init.o
 .debug_macro   0x00000000       0x69 src/ASF/xmega/boards/xmega_a3bu_xplained/init.o
 .debug_macro   0x00000000       0x32 src/ASF/xmega/boards/xmega_a3bu_xplained/init.o
 .debug_macro   0x00000000       0xe4 src/ASF/xmega/boards/xmega_a3bu_xplained/init.o
 .debug_macro   0x00000000      0x303 src/ASF/xmega/boards/xmega_a3bu_xplained/init.o
 .debug_macro   0x00000000       0x82 src/ASF/xmega/boards/xmega_a3bu_xplained/init.o
 .debug_macro   0x00000000      0x109 src/ASF/xmega/boards/xmega_a3bu_xplained/init.o
 .group         0x00000000        0x8 src/main.o
 .group         0x00000000        0x8 src/main.o
 .group         0x00000000        0x8 src/main.o
 .group         0x00000000        0x8 src/main.o
 .group         0x00000000        0x8 src/main.o
 .group         0x00000000        0x8 src/main.o
 .group         0x00000000        0x8 src/main.o
 .group         0x00000000        0x8 src/main.o
 .group         0x00000000        0x8 src/main.o
 .group         0x00000000        0x8 src/main.o
 .group         0x00000000        0x8 src/main.o
 .group         0x00000000        0x8 src/main.o
 .group         0x00000000        0x8 src/main.o
 .group         0x00000000        0x8 src/main.o
 .group         0x00000000        0x8 src/main.o
 .group         0x00000000        0x8 src/main.o
 .group         0x00000000        0x8 src/main.o
 .group         0x00000000        0x8 src/main.o
 .group         0x00000000        0x8 src/main.o
 .group         0x00000000        0x8 src/main.o
 .group         0x00000000        0x8 src/main.o
 .group         0x00000000        0x8 src/main.o
 .group         0x00000000        0x8 src/main.o
 .group         0x00000000        0x8 src/main.o
 .group         0x00000000        0x8 src/main.o
 .group         0x00000000        0x8 src/main.o
 .group         0x00000000        0x8 src/main.o
 .group         0x00000000        0x8 src/main.o
 .group         0x00000000        0x8 src/main.o
 .group         0x00000000        0x8 src/main.o
 .group         0x00000000        0x8 src/main.o
 .group         0x00000000        0x8 src/main.o
 .group         0x00000000        0x8 src/main.o
 .group         0x00000000        0x8 src/main.o
 .group         0x00000000        0x8 src/main.o
 .group         0x00000000        0x8 src/main.o
 .group         0x00000000        0x8 src/main.o
 .group         0x00000000        0x8 src/main.o
 .group         0x00000000        0x8 src/main.o
 .group         0x00000000        0x8 src/main.o
 .group         0x00000000        0x8 src/main.o
 .group         0x00000000        0x8 src/main.o
 .group         0x00000000        0x8 src/main.o
 .group         0x00000000        0x8 src/main.o
 .group         0x00000000        0x8 src/main.o
 .group         0x00000000        0x8 src/main.o
 .group         0x00000000        0x8 src/main.o
 .group         0x00000000        0x8 src/main.o
 .group         0x00000000        0x8 src/main.o
 .group         0x00000000        0x8 src/main.o
 .text          0x00000000        0x0 src/main.o
 .data          0x00000000        0x0 src/main.o
 .bss           0x00000000        0x0 src/main.o
 .bss.m_rx_pattern
                0x00000000        0x8 src/main.o
 .data.rx_pattern
                0x00000000        0x8 src/main.o
 .data.test_pattern
                0x00000000        0x2 src/main.o
 .debug_macro   0x00000000      0xa96 src/main.o
 .debug_macro   0x00000000       0x10 src/main.o
 .debug_macro   0x00000000      0x1c9 src/main.o
 .debug_macro   0x00000000      0x2fc src/main.o
 .debug_macro   0x00000000       0x9e src/main.o
 .debug_macro   0x00000000     0x6271 src/main.o
 .debug_macro   0x00000000       0x9a src/main.o
 .debug_macro   0x00000000       0xf1 src/main.o
 .debug_macro   0x00000000       0x34 src/main.o
 .debug_macro   0x00000000       0x16 src/main.o
 .debug_macro   0x00000000       0x18 src/main.o
 .debug_macro   0x00000000       0x5e src/main.o
 .debug_macro   0x00000000       0x10 src/main.o
 .debug_macro   0x00000000       0x22 src/main.o
 .debug_macro   0x00000000      0x16d src/main.o
 .debug_macro   0x00000000       0x1c src/main.o
 .debug_macro   0x00000000       0x35 src/main.o
 .debug_macro   0x00000000       0x66 src/main.o
 .debug_macro   0x00000000      0x64b src/main.o
 .debug_macro   0x00000000       0x97 src/main.o
 .debug_macro   0x00000000       0x17 src/main.o
 .debug_macro   0x00000000      0x250 src/main.o
 .debug_macro   0x00000000       0x76 src/main.o
 .debug_macro   0x00000000       0x16 src/main.o
 .debug_macro   0x00000000      0x6e3 src/main.o
 .debug_macro   0x00000000       0x10 src/main.o
 .debug_macro   0x00000000      0x175 src/main.o
 .debug_macro   0x00000000       0x40 src/main.o
 .debug_macro   0x00000000       0x69 src/main.o
 .debug_macro   0x00000000       0x32 src/main.o
 .debug_macro   0x00000000       0xe4 src/main.o
 .debug_macro   0x00000000       0x82 src/main.o
 .debug_macro   0x00000000      0x109 src/main.o
 .debug_macro   0x00000000      0x2c6 src/main.o
 .debug_macro   0x00000000      0x303 src/main.o
 .debug_macro   0x00000000       0x26 src/main.o
 .debug_macro   0x00000000       0x42 src/main.o
 .debug_macro   0x00000000       0x10 src/main.o
 .debug_macro   0x00000000       0x22 src/main.o
 .debug_macro   0x00000000       0x7d src/main.o
 .debug_macro   0x00000000       0x2f src/main.o
 .debug_macro   0x00000000      0x154 src/main.o
 .debug_macro   0x00000000       0x12 src/main.o
 .debug_macro   0x00000000       0x16 src/main.o
 .debug_macro   0x00000000       0x22 src/main.o
 .debug_macro   0x00000000       0x10 src/main.o
 .text          0x00000000        0x0 c:/program files (x86)/atmel/studio/7.0/toolchain/avr8/avr8-gnu-toolchain/bin/../lib/gcc/avr/5.4.0/avrxmega6\libgcc.a(_exit.o)
 .data          0x00000000        0x0 c:/program files (x86)/atmel/studio/7.0/toolchain/avr8/avr8-gnu-toolchain/bin/../lib/gcc/avr/5.4.0/avrxmega6\libgcc.a(_exit.o)
 .bss           0x00000000        0x0 c:/program files (x86)/atmel/studio/7.0/toolchain/avr8/avr8-gnu-toolchain/bin/../lib/gcc/avr/5.4.0/avrxmega6\libgcc.a(_exit.o)
 .text.libgcc.mul
                0x00000000        0x0 c:/program files (x86)/atmel/studio/7.0/toolchain/avr8/avr8-gnu-toolchain/bin/../lib/gcc/avr/5.4.0/avrxmega6\libgcc.a(_exit.o)
 .text.libgcc.div
                0x00000000        0x0 c:/program files (x86)/atmel/studio/7.0/toolchain/avr8/avr8-gnu-toolchain/bin/../lib/gcc/avr/5.4.0/avrxmega6\libgcc.a(_exit.o)
 .text.libgcc   0x00000000        0x0 c:/program files (x86)/atmel/studio/7.0/toolchain/avr8/avr8-gnu-toolchain/bin/../lib/gcc/avr/5.4.0/avrxmega6\libgcc.a(_exit.o)
 .text.libgcc.prologue
                0x00000000        0x0 c:/program files (x86)/atmel/studio/7.0/toolchain/avr8/avr8-gnu-toolchain/bin/../lib/gcc/avr/5.4.0/avrxmega6\libgcc.a(_exit.o)
 .text.libgcc.builtins
                0x00000000        0x0 c:/program files (x86)/atmel/studio/7.0/toolchain/avr8/avr8-gnu-toolchain/bin/../lib/gcc/avr/5.4.0/avrxmega6\libgcc.a(_exit.o)
 .text.libgcc.fmul
                0x00000000        0x0 c:/program files (x86)/atmel/studio/7.0/toolchain/avr8/avr8-gnu-toolchain/bin/../lib/gcc/avr/5.4.0/avrxmega6\libgcc.a(_exit.o)
 .text.libgcc.fixed
                0x00000000        0x0 c:/program files (x86)/atmel/studio/7.0/toolchain/avr8/avr8-gnu-toolchain/bin/../lib/gcc/avr/5.4.0/avrxmega6\libgcc.a(_exit.o)
 .text          0x00000000        0x0 c:/program files (x86)/atmel/studio/7.0/toolchain/avr8/avr8-gnu-toolchain/bin/../lib/gcc/avr/5.4.0/avrxmega6\libgcc.a(_copy_data.o)
 .data          0x00000000        0x0 c:/program files (x86)/atmel/studio/7.0/toolchain/avr8/avr8-gnu-toolchain/bin/../lib/gcc/avr/5.4.0/avrxmega6\libgcc.a(_copy_data.o)
 .bss           0x00000000        0x0 c:/program files (x86)/atmel/studio/7.0/toolchain/avr8/avr8-gnu-toolchain/bin/../lib/gcc/avr/5.4.0/avrxmega6\libgcc.a(_copy_data.o)
 .text.libgcc.mul
                0x00000000        0x0 c:/program files (x86)/atmel/studio/7.0/toolchain/avr8/avr8-gnu-toolchain/bin/../lib/gcc/avr/5.4.0/avrxmega6\libgcc.a(_copy_data.o)
 .text.libgcc.div
                0x00000000        0x0 c:/program files (x86)/atmel/studio/7.0/toolchain/avr8/avr8-gnu-toolchain/bin/../lib/gcc/avr/5.4.0/avrxmega6\libgcc.a(_copy_data.o)
 .text.libgcc   0x00000000        0x0 c:/program files (x86)/atmel/studio/7.0/toolchain/avr8/avr8-gnu-toolchain/bin/../lib/gcc/avr/5.4.0/avrxmega6\libgcc.a(_copy_data.o)
 .text.libgcc.prologue
                0x00000000        0x0 c:/program files (x86)/atmel/studio/7.0/toolchain/avr8/avr8-gnu-toolchain/bin/../lib/gcc/avr/5.4.0/avrxmega6\libgcc.a(_copy_data.o)
 .text.libgcc.builtins
                0x00000000        0x0 c:/program files (x86)/atmel/studio/7.0/toolchain/avr8/avr8-gnu-toolchain/bin/../lib/gcc/avr/5.4.0/avrxmega6\libgcc.a(_copy_data.o)
 .text.libgcc.fmul
                0x00000000        0x0 c:/program files (x86)/atmel/studio/7.0/toolchain/avr8/avr8-gnu-toolchain/bin/../lib/gcc/avr/5.4.0/avrxmega6\libgcc.a(_copy_data.o)
 .text.libgcc.fixed
                0x00000000        0x0 c:/program files (x86)/atmel/studio/7.0/toolchain/avr8/avr8-gnu-toolchain/bin/../lib/gcc/avr/5.4.0/avrxmega6\libgcc.a(_copy_data.o)
 .text          0x00000000        0x0 c:/program files (x86)/atmel/studio/7.0/toolchain/avr8/avr8-gnu-toolchain/bin/../lib/gcc/avr/5.4.0/avrxmega6\libgcc.a(_clear_bss.o)
 .data          0x00000000        0x0 c:/program files (x86)/atmel/studio/7.0/toolchain/avr8/avr8-gnu-toolchain/bin/../lib/gcc/avr/5.4.0/avrxmega6\libgcc.a(_clear_bss.o)
 .bss           0x00000000        0x0 c:/program files (x86)/atmel/studio/7.0/toolchain/avr8/avr8-gnu-toolchain/bin/../lib/gcc/avr/5.4.0/avrxmega6\libgcc.a(_clear_bss.o)
 .text.libgcc.mul
                0x00000000        0x0 c:/program files (x86)/atmel/studio/7.0/toolchain/avr8/avr8-gnu-toolchain/bin/../lib/gcc/avr/5.4.0/avrxmega6\libgcc.a(_clear_bss.o)
 .text.libgcc.div
                0x00000000        0x0 c:/program files (x86)/atmel/studio/7.0/toolchain/avr8/avr8-gnu-toolchain/bin/../lib/gcc/avr/5.4.0/avrxmega6\libgcc.a(_clear_bss.o)
 .text.libgcc   0x00000000        0x0 c:/program files (x86)/atmel/studio/7.0/toolchain/avr8/avr8-gnu-toolchain/bin/../lib/gcc/avr/5.4.0/avrxmega6\libgcc.a(_clear_bss.o)
 .text.libgcc.prologue
                0x00000000        0x0 c:/program files (x86)/atmel/studio/7.0/toolchain/avr8/avr8-gnu-toolchain/bin/../lib/gcc/avr/5.4.0/avrxmega6\libgcc.a(_clear_bss.o)
 .text.libgcc.builtins
                0x00000000        0x0 c:/program files (x86)/atmel/studio/7.0/toolchain/avr8/avr8-gnu-toolchain/bin/../lib/gcc/avr/5.4.0/avrxmega6\libgcc.a(_clear_bss.o)
 .text.libgcc.fmul
                0x00000000        0x0 c:/program files (x86)/atmel/studio/7.0/toolchain/avr8/avr8-gnu-toolchain/bin/../lib/gcc/avr/5.4.0/avrxmega6\libgcc.a(_clear_bss.o)
 .text.libgcc.fixed
                0x00000000        0x0 c:/program files (x86)/atmel/studio/7.0/toolchain/avr8/avr8-gnu-toolchain/bin/../lib/gcc/avr/5.4.0/avrxmega6\libgcc.a(_clear_bss.o)
 .text          0x00000000        0x0 c:/program files (x86)/atmel/studio/7.0/toolchain/avr8/avr8-gnu-toolchain/bin/../lib/gcc/avr/5.4.0/../../../../avr/lib/avrxmega6\libc.a(memcpy.o)
 .data          0x00000000        0x0 c:/program files (x86)/atmel/studio/7.0/toolchain/avr8/avr8-gnu-toolchain/bin/../lib/gcc/avr/5.4.0/../../../../avr/lib/avrxmega6\libc.a(memcpy.o)
 .bss           0x00000000        0x0 c:/program files (x86)/atmel/studio/7.0/toolchain/avr8/avr8-gnu-toolchain/bin/../lib/gcc/avr/5.4.0/../../../../avr/lib/avrxmega6\libc.a(memcpy.o)
 .text.avr-libc
                0x00000000       0x12 c:/program files (x86)/atmel/studio/7.0/toolchain/avr8/avr8-gnu-toolchain/bin/../lib/gcc/avr/5.4.0/../../../../avr/lib/avrxmega6\libc.a(memcpy.o)

Memory Configuration

Name             Origin             Length             Attributes
text             0x00000000         0x00100000         xr
data             0x00802000         0x0000ffa0         rw !x
eeprom           0x00810000         0x00010000         rw !x
fuse             0x00820000         0x00000006         rw !x
lock             0x00830000         0x00000400         rw !x
signature        0x00840000         0x00000400         rw !x
user_signatures  0x00850000         0x00000400         rw !x
*default*        0x00000000         0xffffffff

Linker script and memory map

LOAD C:/Program Files (x86)/Atmel/Studio/7.0/Packs/atmel/XMEGAA_DFP/1.1.68/gcc/dev/atxmega256a3bu/avrxmega6/crtatxmega256a3bu.o
LOAD src/ASF/xmega/drivers/twi/twim.o
LOAD src/main_pre.o
LOAD src/ASF/xmega/drivers/twi/twis.o
LOAD src/ASF/common/services/sleepmgr/xmega/sleepmgr.o
LOAD src/ASF/common/services/clock/xmega/sysclk.o
LOAD src/ASF/xmega/drivers/nvm/nvm.o
LOAD src/ASF/xmega/drivers/tc/tc.o
LOAD src/ASF/xmega/drivers/nvm/nvm_asm.o
LOAD src/ASF/xmega/drivers/cpu/ccp.o
LOAD src/ASF/common/services/ioport/xmega/ioport_compat.o
LOAD src/ASF/xmega/boards/xmega_a3bu_xplained/init.o
LOAD src/main.o
START GROUP
LOAD c:/program files (x86)/atmel/studio/7.0/toolchain/avr8/avr8-gnu-toolchain/bin/../lib/gcc/avr/5.4.0/../../../../avr/lib/avrxmega6\libm.a
END GROUP
Address of section .BOOT set to 0x40000
START GROUP
LOAD c:/program files (x86)/atmel/studio/7.0/toolchain/avr8/avr8-gnu-toolchain/bin/../lib/gcc/avr/5.4.0/avrxmega6\libgcc.a
LOAD c:/program files (x86)/atmel/studio/7.0/toolchain/avr8/avr8-gnu-toolchain/bin/../lib/gcc/avr/5.4.0/../../../../avr/lib/avrxmega6\libm.a
LOAD c:/program files (x86)/atmel/studio/7.0/toolchain/avr8/avr8-gnu-toolchain/bin/../lib/gcc/avr/5.4.0/../../../../avr/lib/avrxmega6\libc.a
LOAD C:/Program Files (x86)/Atmel/Studio/7.0/Packs/atmel/XMEGAA_DFP/1.1.68/gcc/dev/atxmega256a3bu/avrxmega6\libatxmega256a3bu.a
END GROUP
                0x00100000                __TEXT_REGION_LENGTH__ = DEFINED (__TEXT_REGION_LENGTH__)?__TEXT_REGION_LENGTH__:0x100000
                0x0000ffa0                __DATA_REGION_LENGTH__ = DEFINED (__DATA_REGION_LENGTH__)?__DATA_REGION_LENGTH__:0xffa0
                0x00010000                __EEPROM_REGION_LENGTH__ = DEFINED (__EEPROM_REGION_LENGTH__)?__EEPROM_REGION_LENGTH__:0x10000
                [0x00000006]                __FUSE_REGION_LENGTH__ = DEFINED (__FUSE_REGION_LENGTH__)?__FUSE_REGION_LENGTH__:0x400
                0x00000400                __LOCK_REGION_LENGTH__ = DEFINED (__LOCK_REGION_LENGTH__)?__LOCK_REGION_LENGTH__:0x400
                0x00000400                __SIGNATURE_REGION_LENGTH__ = DEFINED (__SIGNATURE_REGION_LENGTH__)?__SIGNATURE_REGION_LENGTH__:0x400
                0x00000400                __USER_SIGNATURE_REGION_LENGTH__ = DEFINED (__USER_SIGNATURE_REGION_LENGTH__)?__USER_SIGNATURE_REGION_LENGTH__:0x400

.hash
 *(.hash)

.dynsym
 *(.dynsym)

.dynstr
 *(.dynstr)

.gnu.version
 *(.gnu.version)

.gnu.version_d
 *(.gnu.version_d)

.gnu.version_r
 *(.gnu.version_r)

.rel.init
 *(.rel.init)

.rela.init
 *(.rela.init)

.rel.text
 *(.rel.text)
 *(.rel.text.*)
 *(.rel.gnu.linkonce.t*)

.rela.text
 *(.rela.text)
 *(.rela.text.*)
 *(.rela.gnu.linkonce.t*)

.rel.fini
 *(.rel.fini)

.rela.fini
 *(.rela.fini)

.rel.rodata
 *(.rel.rodata)
 *(.rel.rodata.*)
 *(.rel.gnu.linkonce.r*)

.rela.rodata
 *(.rela.rodata)
 *(.rela.rodata.*)
 *(.rela.gnu.linkonce.r*)

.rel.data
 *(.rel.data)
 *(.rel.data.*)
 *(.rel.gnu.linkonce.d*)

.rela.data
 *(.rela.data)
 *(.rela.data.*)
 *(.rela.gnu.linkonce.d*)

.rel.ctors
 *(.rel.ctors)

.rela.ctors
 *(.rela.ctors)

.rel.dtors
 *(.rel.dtors)

.rela.dtors
 *(.rela.dtors)

.rel.got
 *(.rel.got)

.rela.got
 *(.rela.got)

.rel.bss
 *(.rel.bss)

.rela.bss
 *(.rela.bss)

.rel.plt
 *(.rel.plt)

.rela.plt
 *(.rela.plt)

.text           0x00000000     0x190c
 *(.vectors)
 .vectors       0x00000000      0x1fc C:/Program Files (x86)/Atmel/Studio/7.0/Packs/atmel/XMEGAA_DFP/1.1.68/gcc/dev/atxmega256a3bu/avrxmega6/crtatxmega256a3bu.o
                0x00000000                __vector_default
                0x00000000                __vectors
 *(.vectors)
 *(.progmem.gcc*)
                0x000001fc                . = ALIGN (0x2)
                0x000001fc                __trampolines_start = .
 *(.trampolines)
 .trampolines   0x000001fc        0x0 linker stubs
 *(.trampolines*)
                0x000001fc                __trampolines_end = .
 *libprintf_flt.a:*(.progmem.data)
 *libc.a:*(.progmem.data)
 *(.progmem*)
                0x000001fc                . = ALIGN (0x2)
 *(.jumptables)
 *(.jumptables*)
 *(.lowtext)
 *(.lowtext*)
                0x000001fc                __ctors_start = .
 *(.ctors)
                0x000001fc                __ctors_end = .
                0x000001fc                __dtors_start = .
 *(.dtors)
                0x000001fc                __dtors_end = .
 SORT(*)(.ctors)
 SORT(*)(.dtors)
 *(.init0)
 .init0         0x000001fc        0x0 C:/Program Files (x86)/Atmel/Studio/7.0/Packs/atmel/XMEGAA_DFP/1.1.68/gcc/dev/atxmega256a3bu/avrxmega6/crtatxmega256a3bu.o
                0x000001fc                __init
 *(.init0)
 *(.init1)
 *(.init1)
 *(.init2)
 .init2         0x000001fc       0x10 C:/Program Files (x86)/Atmel/Studio/7.0/Packs/atmel/XMEGAA_DFP/1.1.68/gcc/dev/atxmega256a3bu/avrxmega6/crtatxmega256a3bu.o
 *(.init2)
 *(.init3)
 *(.init3)
 *(.init4)
 .init4         0x0000020c       0x1a c:/program files (x86)/atmel/studio/7.0/toolchain/avr8/avr8-gnu-toolchain/bin/../lib/gcc/avr/5.4.0/avrxmega6\libgcc.a(_copy_data.o)
                0x0000020c                __do_copy_data
 .init4         0x00000226       0x10 c:/program files (x86)/atmel/studio/7.0/toolchain/avr8/avr8-gnu-toolchain/bin/../lib/gcc/avr/5.4.0/avrxmega6\libgcc.a(_clear_bss.o)
                0x00000226                __do_clear_bss
 *(.init4)
 *(.init5)
 *(.init5)
 *(.init6)
 *(.init6)
 *(.init7)
 *(.init7)
 *(.init8)
 *(.init8)
 *(.init9)
 .init9         0x00000236        0x8 C:/Program Files (x86)/Atmel/Studio/7.0/Packs/atmel/XMEGAA_DFP/1.1.68/gcc/dev/atxmega256a3bu/avrxmega6/crtatxmega256a3bu.o
 *(.init9)
 *(.text)
 .text          0x0000023e        0x2 C:/Program Files (x86)/Atmel/Studio/7.0/Packs/atmel/XMEGAA_DFP/1.1.68/gcc/dev/atxmega256a3bu/avrxmega6/crtatxmega256a3bu.o
                0x0000023e                __vector_38
                0x0000023e                __vector_104
                0x0000023e                __vector_63
                0x0000023e                __vector_28
                0x0000023e                __vector_67
                0x0000023e                __vector_1
                0x0000023e                __vector_119
                0x0000023e                __vector_32
                0x0000023e                __vector_75
                0x0000023e                __vector_71
                0x0000023e                __vector_91
                0x0000023e                __vector_34
                0x0000023e                __vector_62
                0x0000023e                __vector_102
                0x0000023e                __vector_24
                0x0000023e                __vector_69
                0x0000023e                __vector_90
                0x0000023e                __bad_interrupt
                0x0000023e                __vector_122
                0x0000023e                __vector_72
                0x0000023e                __vector_114
                0x0000023e                __vector_6
                0x0000023e                __vector_31
                0x0000023e                __vector_92
                0x0000023e                __vector_35
                0x0000023e                __vector_74
                0x0000023e                __vector_117
                0x0000023e                __vector_39
                0x0000023e                __vector_107
                0x0000023e                __vector_3
                0x0000023e                __vector_105
                0x0000023e                __vector_98
                0x0000023e                __vector_68
                0x0000023e                __vector_30
                0x0000023e                __vector_73
                0x0000023e                __vector_45
                0x0000023e                __vector_25
                0x0000023e                __vector_93
                0x0000023e                __vector_61
                0x0000023e                __vector_11
                0x0000023e                __vector_99
                0x0000023e                __vector_7
                0x0000023e                __vector_125
                0x0000023e                __vector_123
                0x0000023e                __vector_41
                0x0000023e                __vector_100
                0x0000023e                __vector_101
                0x0000023e                __vector_64
                0x0000023e                __vector_88
                0x0000023e                __vector_43
                0x0000023e                __vector_27
                0x0000023e                __vector_5
                0x0000023e                __vector_33
                0x0000023e                __vector_76
                0x0000023e                __vector_115
                0x0000023e                __vector_37
                0x0000023e                __vector_95
                0x0000023e                __vector_103
                0x0000023e                __vector_96
                0x0000023e                __vector_89
                0x0000023e                __vector_4
                0x0000023e                __vector_44
                0x0000023e                __vector_106
                0x0000023e                __vector_118
                0x0000023e                __vector_9
                0x0000023e                __vector_2
                0x0000023e                __vector_66
                0x0000023e                __vector_36
                0x0000023e                __vector_58
                0x0000023e                __vector_70
                0x0000023e                __vector_29
                0x0000023e                __vector_60
                0x0000023e                __vector_121
                0x0000023e                __vector_40
                0x0000023e                __vector_94
                0x0000023e                __vector_126
                0x0000023e                __vector_8
                0x0000023e                __vector_26
                0x0000023e                __vector_124
                0x0000023e                __vector_116
                0x0000023e                __vector_57
                0x0000023e                __vector_10
                0x0000023e                __vector_59
                0x0000023e                __vector_97
                0x0000023e                __vector_42
                0x0000023e                __vector_87
                0x0000023e                __vector_65
                0x0000023e                __vector_120
                0x00000240                . = ALIGN (0x2)
 *(.text.*)
 .text.twim_interrupt_handler
                0x00000240      0x12e src/ASF/xmega/drivers/twi/twim.o
 .text.__vector_13
                0x0000036e       0x4e src/ASF/xmega/drivers/twi/twim.o
                0x0000036e                __vector_13
 .text.__vector_46
                0x000003bc       0x4e src/ASF/xmega/drivers/twi/twim.o
                0x000003bc                __vector_46
 .text.TWI_SlaveInitializeDriver
                0x0000040a       0x16 src/ASF/xmega/drivers/twi/twis.o
                0x0000040a                TWI_SlaveInitializeDriver
 .text.TWI_SlaveInitializeModule
                0x00000420       0x16 src/ASF/xmega/drivers/twi/twis.o
                0x00000420                TWI_SlaveInitializeModule
 .text.TWI_SlaveAddressMatchHandler
                0x00000436       0x42 src/ASF/xmega/drivers/twi/twis.o
                0x00000436                TWI_SlaveAddressMatchHandler
 .text.TWI_SlaveStopHandler
                0x00000478       0x2a src/ASF/xmega/drivers/twi/twis.o
                0x00000478                TWI_SlaveStopHandler
 .text.TWI_SlaveReadHandler
                0x000004a2       0x74 src/ASF/xmega/drivers/twi/twis.o
                0x000004a2                TWI_SlaveReadHandler
 .text.TWI_SlaveWriteHandler
                0x00000516       0x60 src/ASF/xmega/drivers/twi/twis.o
                0x00000516                TWI_SlaveWriteHandler
 .text.TWI_SlaveDataHandler
                0x00000576       0x14 src/ASF/xmega/drivers/twi/twis.o
                0x00000576                TWI_SlaveDataHandler
 .text.TWI_SlaveInterruptHandler
                0x0000058a       0x58 src/ASF/xmega/drivers/twi/twis.o
                0x0000058a                TWI_SlaveInterruptHandler
 .text.sysclk_init
                0x000005e2       0x20 src/ASF/common/services/clock/xmega/sysclk.o
                0x000005e2                sysclk_init
 .text.sysclk_enable_module
                0x00000602       0x2c src/ASF/common/services/clock/xmega/sysclk.o
                0x00000602                sysclk_enable_module
 .text.__vector_14
                0x0000062e       0x5a src/ASF/xmega/drivers/tc/tc.o
                0x0000062e                __vector_14
 .text.__vector_15
                0x00000688       0x5a src/ASF/xmega/drivers/tc/tc.o
                0x00000688                __vector_15
 .text.__vector_16
                0x000006e2       0x5a src/ASF/xmega/drivers/tc/tc.o
                0x000006e2                __vector_16
 .text.__vector_17
                0x0000073c       0x5a src/ASF/xmega/drivers/tc/tc.o
                0x0000073c                __vector_17
 .text.__vector_18
                0x00000796       0x5a src/ASF/xmega/drivers/tc/tc.o
                0x00000796                __vector_18
 .text.__vector_19
                0x000007f0       0x5a src/ASF/xmega/drivers/tc/tc.o
                0x000007f0                __vector_19
 .text.__vector_20
                0x0000084a       0x5a src/ASF/xmega/drivers/tc/tc.o
                0x0000084a                __vector_20
 .text.__vector_21
                0x000008a4       0x5a src/ASF/xmega/drivers/tc/tc.o
                0x000008a4                __vector_21
 .text.__vector_22
                0x000008fe       0x5a src/ASF/xmega/drivers/tc/tc.o
                0x000008fe                __vector_22
 .text.__vector_23
                0x00000958       0x5a src/ASF/xmega/drivers/tc/tc.o
                0x00000958                __vector_23
 .text.__vector_77
                0x000009b2       0x5a src/ASF/xmega/drivers/tc/tc.o
                0x000009b2                __vector_77
 .text.__vector_78
                0x00000a0c       0x5a src/ASF/xmega/drivers/tc/tc.o
                0x00000a0c                __vector_78
 .text.__vector_79
                0x00000a66       0x5a src/ASF/xmega/drivers/tc/tc.o
                0x00000a66                __vector_79
 .text.__vector_80
                0x00000ac0       0x5a src/ASF/xmega/drivers/tc/tc.o
                0x00000ac0                __vector_80
 .text.__vector_81
                0x00000b1a       0x5a src/ASF/xmega/drivers/tc/tc.o
                0x00000b1a                __vector_81
 .text.__vector_82
                0x00000b74       0x5a src/ASF/xmega/drivers/tc/tc.o
                0x00000b74                __vector_82
 .text.__vector_83
                0x00000bce       0x5a src/ASF/xmega/drivers/tc/tc.o
                0x00000bce                __vector_83
 .text.__vector_84
                0x00000c28       0x5a src/ASF/xmega/drivers/tc/tc.o
                0x00000c28                __vector_84
 .text.__vector_85
                0x00000c82       0x5a src/ASF/xmega/drivers/tc/tc.o
                0x00000c82                __vector_85
 .text.__vector_86
                0x00000cdc       0x5a src/ASF/xmega/drivers/tc/tc.o
                0x00000cdc                __vector_86
 .text.__vector_47
                0x00000d36       0x5a src/ASF/xmega/drivers/tc/tc.o
                0x00000d36                __vector_47
 .text.__vector_48
                0x00000d90       0x5a src/ASF/xmega/drivers/tc/tc.o
                0x00000d90                __vector_48
 .text.__vector_49
                0x00000dea       0x5a src/ASF/xmega/drivers/tc/tc.o
                0x00000dea                __vector_49
 .text.__vector_50
                0x00000e44       0x5a src/ASF/xmega/drivers/tc/tc.o
                0x00000e44                __vector_50
 .text.__vector_51
                0x00000e9e       0x5a src/ASF/xmega/drivers/tc/tc.o
                0x00000e9e                __vector_51
 .text.__vector_52
                0x00000ef8       0x5a src/ASF/xmega/drivers/tc/tc.o
                0x00000ef8                __vector_52
 .text.__vector_53
                0x00000f52       0x5a src/ASF/xmega/drivers/tc/tc.o
                0x00000f52                __vector_53
 .text.__vector_54
                0x00000fac       0x5a src/ASF/xmega/drivers/tc/tc.o
                0x00000fac                __vector_54
 .text.__vector_55
                0x00001006       0x5a src/ASF/xmega/drivers/tc/tc.o
                0x00001006                __vector_55
 .text.__vector_56
                0x00001060       0x5a src/ASF/xmega/drivers/tc/tc.o
                0x00001060                __vector_56
 .text.__vector_108
                0x000010ba       0x5a src/ASF/xmega/drivers/tc/tc.o
                0x000010ba                __vector_108
 .text.__vector_109
                0x00001114       0x5a src/ASF/xmega/drivers/tc/tc.o
                0x00001114                __vector_109
 .text.__vector_110
                0x0000116e       0x5a src/ASF/xmega/drivers/tc/tc.o
                0x0000116e                __vector_110
 .text.__vector_111
                0x000011c8       0x5a src/ASF/xmega/drivers/tc/tc.o
                0x000011c8                __vector_111
 .text.__vector_112
                0x00001222       0x5a src/ASF/xmega/drivers/tc/tc.o
                0x00001222                __vector_112
 .text.__vector_113
                0x0000127c       0x5a src/ASF/xmega/drivers/tc/tc.o
                0x0000127c                __vector_113
 .text.tc_enable
                0x000012d6       0xe2 src/ASF/xmega/drivers/tc/tc.o
                0x000012d6                tc_enable
 .text.tc_set_overflow_interrupt_callback
                0x000013b8       0x7c src/ASF/xmega/drivers/tc/tc.o
                0x000013b8                tc_set_overflow_interrupt_callback
 .text.ioport_configure_port_pin
                0x00001434       0x4e src/ASF/common/services/ioport/xmega/ioport_compat.o
                0x00001434                ioport_configure_port_pin
 .text.board_init
                0x00001482      0x13a src/ASF/xmega/boards/xmega_a3bu_xplained/init.o
                0x00001482                board_init
 .text.slave_process
                0x000015bc        0x8 src/main.o
 .text.my_callback
                0x000015c4        0xc src/main.o
 .text.__vector_12
                0x000015d0       0x54 src/main.o
                0x000015d0                __vector_12
 .text.twi_slave_init
                0x00001624      0x25e src/main.o
                0x00001624                twi_slave_init
 .text.main     0x00001882       0x86 src/main.o
                0x00001882                main
                0x00001908                . = ALIGN (0x2)
 *(.fini9)
 .fini9         0x00001908        0x0 c:/program files (x86)/atmel/studio/7.0/toolchain/avr8/avr8-gnu-toolchain/bin/../lib/gcc/avr/5.4.0/avrxmega6\libgcc.a(_exit.o)
                0x00001908                _exit
                0x00001908                exit
 *(.fini9)
 *(.fini8)
 *(.fini8)
 *(.fini7)
 *(.fini7)
 *(.fini6)
 *(.fini6)
 *(.fini5)
 *(.fini5)
 *(.fini4)
 *(.fini4)
 *(.fini3)
 *(.fini3)
 *(.fini2)
 *(.fini2)
 *(.fini1)
 *(.fini1)
 *(.fini0)
 .fini0         0x00001908        0x4 c:/program files (x86)/atmel/studio/7.0/toolchain/avr8/avr8-gnu-toolchain/bin/../lib/gcc/avr/5.4.0/avrxmega6\libgcc.a(_exit.o)
 *(.fini0)
                0x0000190c                _etext = .

.data           0x00802000        0x0 load address 0x0000190c
                0x00802000                PROVIDE (__data_start, .)
 *(.data)
 *(.data*)
 *(.rodata)
 *(.rodata*)
 *(.gnu.linkonce.d*)
                0x00802000                . = ALIGN (0x2)
                0x00802000                _edata = .
                0x00802000                PROVIDE (__data_end, .)

.bss            0x00802000       0x73
                0x00802000                PROVIDE (__bss_start, .)
 *(.bss)
 *(.bss*)
 .bss.transfer  0x00802000        0xb src/ASF/xmega/drivers/twi/twim.o
 .bss.tc_tcf0_ccd_callback
                0x0080200b        0x2 src/ASF/xmega/drivers/tc/tc.o
 .bss.tc_tcf0_ccc_callback
                0x0080200d        0x2 src/ASF/xmega/drivers/tc/tc.o
 .bss.tc_tcf0_ccb_callback
                0x0080200f        0x2 src/ASF/xmega/drivers/tc/tc.o
 .bss.tc_tcf0_cca_callback
                0x00802011        0x2 src/ASF/xmega/drivers/tc/tc.o
 .bss.tc_tcf0_err_callback
                0x00802013        0x2 src/ASF/xmega/drivers/tc/tc.o
 .bss.tc_tcf0_ovf_callback
                0x00802015        0x2 src/ASF/xmega/drivers/tc/tc.o
 .bss.tc_tce1_ccb_callback
                0x00802017        0x2 src/ASF/xmega/drivers/tc/tc.o
 .bss.tc_tce1_cca_callback
                0x00802019        0x2 src/ASF/xmega/drivers/tc/tc.o
 .bss.tc_tce1_err_callback
                0x0080201b        0x2 src/ASF/xmega/drivers/tc/tc.o
 .bss.tc_tce1_ovf_callback
                0x0080201d        0x2 src/ASF/xmega/drivers/tc/tc.o
 .bss.tc_tce0_ccd_callback
                0x0080201f        0x2 src/ASF/xmega/drivers/tc/tc.o
 .bss.tc_tce0_ccc_callback
                0x00802021        0x2 src/ASF/xmega/drivers/tc/tc.o
 .bss.tc_tce0_ccb_callback
                0x00802023        0x2 src/ASF/xmega/drivers/tc/tc.o
 .bss.tc_tce0_cca_callback
                0x00802025        0x2 src/ASF/xmega/drivers/tc/tc.o
 .bss.tc_tce0_err_callback
                0x00802027        0x2 src/ASF/xmega/drivers/tc/tc.o
 .bss.tc_tce0_ovf_callback
                0x00802029        0x2 src/ASF/xmega/drivers/tc/tc.o
 .bss.tc_tcd1_ccb_callback
                0x0080202b        0x2 src/ASF/xmega/drivers/tc/tc.o
 .bss.tc_tcd1_cca_callback
                0x0080202d        0x2 src/ASF/xmega/drivers/tc/tc.o
 .bss.tc_tcd1_err_callback
                0x0080202f        0x2 src/ASF/xmega/drivers/tc/tc.o
 .bss.tc_tcd1_ovf_callback
                0x00802031        0x2 src/ASF/xmega/drivers/tc/tc.o
 .bss.tc_tcd0_ccd_callback
                0x00802033        0x2 src/ASF/xmega/drivers/tc/tc.o
 .bss.tc_tcd0_ccc_callback
                0x00802035        0x2 src/ASF/xmega/drivers/tc/tc.o
 .bss.tc_tcd0_ccb_callback
                0x00802037        0x2 src/ASF/xmega/drivers/tc/tc.o
 .bss.tc_tcd0_cca_callback
                0x00802039        0x2 src/ASF/xmega/drivers/tc/tc.o
 .bss.tc_tcd0_err_callback
                0x0080203b        0x2 src/ASF/xmega/drivers/tc/tc.o
 .bss.tc_tcd0_ovf_callback
                0x0080203d        0x2 src/ASF/xmega/drivers/tc/tc.o
 .bss.tc_tcc1_ccb_callback
                0x0080203f        0x2 src/ASF/xmega/drivers/tc/tc.o
 .bss.tc_tcc1_cca_callback
                0x00802041        0x2 src/ASF/xmega/drivers/tc/tc.o
 .bss.tc_tcc1_err_callback
                0x00802043        0x2 src/ASF/xmega/drivers/tc/tc.o
 .bss.tc_tcc1_ovf_callback
                0x00802045        0x2 src/ASF/xmega/drivers/tc/tc.o
 .bss.tc_tcc0_ccd_callback
                0x00802047        0x2 src/ASF/xmega/drivers/tc/tc.o
 .bss.tc_tcc0_ccc_callback
                0x00802049        0x2 src/ASF/xmega/drivers/tc/tc.o
 .bss.tc_tcc0_ccb_callback
                0x0080204b        0x2 src/ASF/xmega/drivers/tc/tc.o
 .bss.tc_tcc0_cca_callback
                0x0080204d        0x2 src/ASF/xmega/drivers/tc/tc.o
 .bss.tc_tcc0_err_callback
                0x0080204f        0x2 src/ASF/xmega/drivers/tc/tc.o
 .bss.tc_tcc0_ovf_callback
                0x00802051        0x2 src/ASF/xmega/drivers/tc/tc.o
 .bss.tx_in_progress_f
                0x00802053        0x1 src/main.o
                0x00802053                tx_in_progress_f
 *(COMMON)
 COMMON         0x00802054        0x6 src/ASF/common/services/sleepmgr/xmega/sleepmgr.o
                0x00802054                sleepmgr_locks
 COMMON         0x0080205a       0x19 src/main.o
                0x0080205a                slave
                0x00802073                PROVIDE (__bss_end, .)
                0x0000190c                __data_load_start = LOADADDR (.data)
                0x0000190c                __data_load_end = (__data_load_start + SIZEOF (.data))

.noinit         0x00802073        0x0
                [!provide]                PROVIDE (__noinit_start, .)
 *(.noinit*)
                [!provide]                PROVIDE (__noinit_end, .)
                0x00802073                _end = .
                [!provide]                PROVIDE (__heap_start, .)

.eeprom         0x00810000        0x0
 *(.eeprom*)
                0x00810000                __eeprom_end = .

.fuse
 *(.fuse)
 *(.lfuse)
 *(.hfuse)
 *(.efuse)

.lock
 *(.lock*)

.signature
 *(.signature*)

.user_signatures
 *(.user_signatures*)

.stab
 *(.stab)

.stabstr
 *(.stabstr)

.stab.excl
 *(.stab.excl)

.stab.exclstr
 *(.stab.exclstr)

.stab.index
 *(.stab.index)

.stab.indexstr
 *(.stab.indexstr)

.comment        0x00000000       0x30
 *(.comment)
 .comment       0x00000000       0x30 src/ASF/xmega/drivers/twi/twim.o
                                 0x31 (size before relaxing)
 .comment       0x00000030       0x31 src/ASF/xmega/drivers/twi/twis.o
 .comment       0x00000030       0x31 src/ASF/common/services/sleepmgr/xmega/sleepmgr.o
 .comment       0x00000030       0x31 src/ASF/common/services/clock/xmega/sysclk.o
 .comment       0x00000030       0x31 src/ASF/xmega/drivers/tc/tc.o
 .comment       0x00000030       0x31 src/ASF/common/services/ioport/xmega/ioport_compat.o
 .comment       0x00000030       0x31 src/ASF/xmega/boards/xmega_a3bu_xplained/init.o
 .comment       0x00000030       0x31 src/main.o

.note.gnu.avr.deviceinfo
                0x00000000       0x44
 .note.gnu.avr.deviceinfo
                0x00000000       0x44 C:/Program Files (x86)/Atmel/Studio/7.0/Packs/atmel/XMEGAA_DFP/1.1.68/gcc/dev/atxmega256a3bu/avrxmega6/crtatxmega256a3bu.o

.note.gnu.build-id
 *(.note.gnu.build-id)

.debug
 *(.debug)

.line
 *(.line)

.debug_srcinfo
 *(.debug_srcinfo)

.debug_sfnames
 *(.debug_sfnames)

.debug_aranges  0x00000000      0x2f0
 *(.debug_aranges)
 .debug_aranges
                0x00000000       0x40 src/ASF/xmega/drivers/twi/twim.o
 .debug_aranges
                0x00000040       0x60 src/ASF/xmega/drivers/twi/twis.o
 .debug_aranges
                0x000000a0       0x18 src/ASF/common/services/sleepmgr/xmega/sleepmgr.o
 .debug_aranges
                0x000000b8       0x40 src/ASF/common/services/clock/xmega/sysclk.o
 .debug_aranges
                0x000000f8      0x178 src/ASF/xmega/drivers/tc/tc.o
 .debug_aranges
                0x00000270       0x20 src/ASF/common/services/ioport/xmega/ioport_compat.o
 .debug_aranges
                0x00000290       0x20 src/ASF/xmega/boards/xmega_a3bu_xplained/init.o
 .debug_aranges
                0x000002b0       0x40 src/main.o

.debug_pubnames
 *(.debug_pubnames)

.debug_info     0x00000000     0x987f
 *(.debug_info .gnu.linkonce.wi.*)
 .debug_info    0x00000000     0x3379 C:/Program Files (x86)/Atmel/Studio/7.0/Packs/atmel/XMEGAA_DFP/1.1.68/gcc/dev/atxmega256a3bu/avrxmega6/crtatxmega256a3bu.o
 .debug_info    0x00003379      0x90b src/ASF/xmega/drivers/twi/twim.o
 .debug_info    0x00003c84      0x71f src/ASF/xmega/drivers/twi/twis.o
 .debug_info    0x000043a3      0x129 src/ASF/common/services/sleepmgr/xmega/sleepmgr.o
 .debug_info    0x000044cc      0x71c src/ASF/common/services/clock/xmega/sysclk.o
 .debug_info    0x00004be8     0x1935 src/ASF/xmega/drivers/tc/tc.o
 .debug_info    0x0000651d      0x121 src/ASF/common/services/ioport/xmega/ioport_compat.o
 .debug_info    0x0000663e      0xaeb src/ASF/xmega/boards/xmega_a3bu_xplained/init.o
 .debug_info    0x00007129     0x2756 src/main.o

.debug_abbrev   0x00000000     0x40b1
 *(.debug_abbrev)
 .debug_abbrev  0x00000000     0x30c4 C:/Program Files (x86)/Atmel/Studio/7.0/Packs/atmel/XMEGAA_DFP/1.1.68/gcc/dev/atxmega256a3bu/avrxmega6/crtatxmega256a3bu.o
 .debug_abbrev  0x000030c4      0x2e9 src/ASF/xmega/drivers/twi/twim.o
 .debug_abbrev  0x000033ad      0x26b src/ASF/xmega/drivers/twi/twis.o
 .debug_abbrev  0x00003618       0x84 src/ASF/common/services/sleepmgr/xmega/sleepmgr.o
 .debug_abbrev  0x0000369c      0x218 src/ASF/common/services/clock/xmega/sysclk.o
 .debug_abbrev  0x000038b4      0x29b src/ASF/xmega/drivers/tc/tc.o
 .debug_abbrev  0x00003b4f       0x95 src/ASF/common/services/ioport/xmega/ioport_compat.o
 .debug_abbrev  0x00003be4      0x14a src/ASF/xmega/boards/xmega_a3bu_xplained/init.o
 .debug_abbrev  0x00003d2e      0x383 src/main.o

.debug_line     0x00000000     0x3d49
 *(.debug_line .debug_line.* .debug_line_end)
 .debug_line    0x00000000      0x39d C:/Program Files (x86)/Atmel/Studio/7.0/Packs/atmel/XMEGAA_DFP/1.1.68/gcc/dev/atxmega256a3bu/avrxmega6/crtatxmega256a3bu.o
 .debug_line    0x0000039d      0x626 src/ASF/xmega/drivers/twi/twim.o
 .debug_line    0x000009c3      0x653 src/ASF/xmega/drivers/twi/twis.o
 .debug_line    0x00001016      0x457 src/ASF/common/services/sleepmgr/xmega/sleepmgr.o
 .debug_line    0x0000146d      0x630 src/ASF/common/services/clock/xmega/sysclk.o
 .debug_line    0x00001a9d      0xed2 src/ASF/xmega/drivers/tc/tc.o
 .debug_line    0x0000296f      0x4b4 src/ASF/common/services/ioport/xmega/ioport_compat.o
 .debug_line    0x00002e23      0x4df src/ASF/xmega/boards/xmega_a3bu_xplained/init.o
 .debug_line    0x00003302      0xa47 src/main.o

.debug_frame    0x00000000     0x10a0
 *(.debug_frame)
 .debug_frame   0x00000000      0x110 src/ASF/xmega/drivers/twi/twim.o
 .debug_frame   0x00000110       0xb0 src/ASF/xmega/drivers/twi/twis.o
 .debug_frame   0x000001c0       0x94 src/ASF/common/services/clock/xmega/sysclk.o
 .debug_frame   0x00000254      0xd24 src/ASF/xmega/drivers/tc/tc.o
 .debug_frame   0x00000f78       0x30 src/ASF/common/services/ioport/xmega/ioport_compat.o
 .debug_frame   0x00000fa8       0x24 src/ASF/xmega/boards/xmega_a3bu_xplained/init.o
 .debug_frame   0x00000fcc       0xd4 src/main.o

.debug_str      0x00000000    0x2f300
 *(.debug_str)
 .debug_str     0x00000000     0x21e4 C:/Program Files (x86)/Atmel/Studio/7.0/Packs/atmel/XMEGAA_DFP/1.1.68/gcc/dev/atxmega256a3bu/avrxmega6/crtatxmega256a3bu.o
 .debug_str     0x000021e4    0x283b3 src/ASF/xmega/drivers/twi/twim.o
                              0x28a52 (size before relaxing)
 .debug_str     0x0002a597      0x39b src/ASF/xmega/drivers/twi/twis.o
                              0x28871 (size before relaxing)
 .debug_str     0x0002a932      0x3d4 src/ASF/common/services/sleepmgr/xmega/sleepmgr.o
                              0x28772 (size before relaxing)
 .debug_str     0x0002ad06     0x27d1 src/ASF/common/services/clock/xmega/sysclk.o
                              0x2ad2c (size before relaxing)
 .debug_str     0x0002d4d7      0xa44 src/ASF/xmega/drivers/tc/tc.o
                              0x2b702 (size before relaxing)
 .debug_str     0x0002df1b      0x683 src/ASF/common/services/ioport/xmega/ioport_compat.o
                              0x28a29 (size before relaxing)
 .debug_str     0x0002e59e      0x22e src/ASF/xmega/boards/xmega_a3bu_xplained/init.o
                              0x2a65a (size before relaxing)
 .debug_str     0x0002e7cc      0xb34 src/main.o
                              0x2c820 (size before relaxing)

.debug_loc      0x00000000     0x3828
 *(.debug_loc)
 .debug_loc     0x00000000      0x4b4 src/ASF/xmega/drivers/twi/twim.o
 .debug_loc     0x000004b4      0x3d5 src/ASF/xmega/drivers/twi/twis.o
 .debug_loc     0x00000889      0x2c5 src/ASF/common/services/clock/xmega/sysclk.o
 .debug_loc     0x00000b4e     0x1df6 src/ASF/xmega/drivers/tc/tc.o
 .debug_loc     0x00002944       0x66 src/ASF/common/services/ioport/xmega/ioport_compat.o
 .debug_loc     0x000029aa      0x3fa src/ASF/xmega/boards/xmega_a3bu_xplained/init.o
 .debug_loc     0x00002da4      0xa84 src/main.o

.debug_macinfo
 *(.debug_macinfo)

.debug_weaknames
 *(.debug_weaknames)

.debug_funcnames
 *(.debug_funcnames)

.debug_typenames
 *(.debug_typenames)

.debug_varnames
 *(.debug_varnames)

.debug_pubtypes
 *(.debug_pubtypes)

.debug_ranges   0x00000000      0x2c8
 *(.debug_ranges)
 .debug_ranges  0x00000000       0x60 src/ASF/xmega/drivers/twi/twim.o
 .debug_ranges  0x00000060       0x50 src/ASF/xmega/drivers/twi/twis.o
 .debug_ranges  0x000000b0       0x30 src/ASF/common/services/clock/xmega/sysclk.o
 .debug_ranges  0x000000e0      0x168 src/ASF/xmega/drivers/tc/tc.o
 .debug_ranges  0x00000248       0x10 src/ASF/common/services/ioport/xmega/ioport_compat.o
 .debug_ranges  0x00000258       0x10 src/ASF/xmega/boards/xmega_a3bu_xplained/init.o
 .debug_ranges  0x00000268       0x60 src/main.o

.debug_macro    0x00000000     0xab16
 *(.debug_macro)
 .debug_macro   0x00000000      0x198 src/ASF/xmega/drivers/twi/twim.o
 .debug_macro   0x00000198      0xa96 src/ASF/xmega/drivers/twi/twim.o
 .debug_macro   0x00000c2e       0x10 src/ASF/xmega/drivers/twi/twim.o
 .debug_macro   0x00000c3e      0x1c9 src/ASF/xmega/drivers/twi/twim.o
 .debug_macro   0x00000e07      0x2fc src/ASF/xmega/drivers/twi/twim.o
 .debug_macro   0x00001103       0x9e src/ASF/xmega/drivers/twi/twim.o
 .debug_macro   0x000011a1     0x6271 src/ASF/xmega/drivers/twi/twim.o
 .debug_macro   0x00007412       0x9a src/ASF/xmega/drivers/twi/twim.o
 .debug_macro   0x000074ac       0xf1 src/ASF/xmega/drivers/twi/twim.o
 .debug_macro   0x0000759d       0x34 src/ASF/xmega/drivers/twi/twim.o
 .debug_macro   0x000075d1       0x16 src/ASF/xmega/drivers/twi/twim.o
 .debug_macro   0x000075e7       0x18 src/ASF/xmega/drivers/twi/twim.o
 .debug_macro   0x000075ff       0x5e src/ASF/xmega/drivers/twi/twim.o
 .debug_macro   0x0000765d       0x10 src/ASF/xmega/drivers/twi/twim.o
 .debug_macro   0x0000766d       0x22 src/ASF/xmega/drivers/twi/twim.o
 .debug_macro   0x0000768f      0x16d src/ASF/xmega/drivers/twi/twim.o
 .debug_macro   0x000077fc       0x1c src/ASF/xmega/drivers/twi/twim.o
 .debug_macro   0x00007818       0x35 src/ASF/xmega/drivers/twi/twim.o
 .debug_macro   0x0000784d       0x66 src/ASF/xmega/drivers/twi/twim.o
 .debug_macro   0x000078b3      0x64b src/ASF/xmega/drivers/twi/twim.o
 .debug_macro   0x00007efe       0x97 src/ASF/xmega/drivers/twi/twim.o
 .debug_macro   0x00007f95       0x17 src/ASF/xmega/drivers/twi/twim.o
 .debug_macro   0x00007fac      0x250 src/ASF/xmega/drivers/twi/twim.o
 .debug_macro   0x000081fc       0x76 src/ASF/xmega/drivers/twi/twim.o
 .debug_macro   0x00008272       0x16 src/ASF/xmega/drivers/twi/twim.o
 .debug_macro   0x00008288      0x6e3 src/ASF/xmega/drivers/twi/twim.o
 .debug_macro   0x0000896b       0x10 src/ASF/xmega/drivers/twi/twim.o
 .debug_macro   0x0000897b      0x175 src/ASF/xmega/drivers/twi/twim.o
 .debug_macro   0x00008af0       0x40 src/ASF/xmega/drivers/twi/twim.o
 .debug_macro   0x00008b30       0x69 src/ASF/xmega/drivers/twi/twim.o
 .debug_macro   0x00008b99       0x32 src/ASF/xmega/drivers/twi/twim.o
 .debug_macro   0x00008bcb       0xe4 src/ASF/xmega/drivers/twi/twim.o
 .debug_macro   0x00008caf       0x16 src/ASF/xmega/drivers/twi/twim.o
 .debug_macro   0x00008cc5       0x22 src/ASF/xmega/drivers/twi/twim.o
 .debug_macro   0x00008ce7       0x10 src/ASF/xmega/drivers/twi/twim.o
 .debug_macro   0x00008cf7      0x185 src/ASF/xmega/drivers/twi/twis.o
 .debug_macro   0x00008e7c       0x22 src/ASF/xmega/drivers/twi/twis.o
 .debug_macro   0x00008e9e      0x1a3 src/ASF/common/services/sleepmgr/xmega/sleepmgr.o
 .debug_macro   0x00009041       0x10 src/ASF/common/services/sleepmgr/xmega/sleepmgr.o
 .debug_macro   0x00009051       0x42 src/ASF/common/services/sleepmgr/xmega/sleepmgr.o
 .debug_macro   0x00009093      0x1db src/ASF/common/services/clock/xmega/sysclk.o
 .debug_macro   0x0000926e       0x22 src/ASF/common/services/clock/xmega/sysclk.o
 .debug_macro   0x00009290      0x2c6 src/ASF/common/services/clock/xmega/sysclk.o
 .debug_macro   0x00009556      0x303 src/ASF/common/services/clock/xmega/sysclk.o
 .debug_macro   0x00009859       0x7d src/ASF/common/services/clock/xmega/sysclk.o
 .debug_macro   0x000098d6       0x2f src/ASF/common/services/clock/xmega/sysclk.o
 .debug_macro   0x00009905      0x154 src/ASF/common/services/clock/xmega/sysclk.o
 .debug_macro   0x00009a59       0x26 src/ASF/common/services/clock/xmega/sysclk.o
 .debug_macro   0x00009a7f      0x225 src/ASF/xmega/drivers/tc/tc.o
 .debug_macro   0x00009ca4      0x302 src/ASF/xmega/drivers/tc/tc.o
 .debug_macro   0x00009fa6       0x12 src/ASF/xmega/drivers/tc/tc.o
 .debug_macro   0x00009fb8      0x195 src/ASF/common/services/ioport/xmega/ioport_compat.o
 .debug_macro   0x0000a14d       0x82 src/ASF/common/services/ioport/xmega/ioport_compat.o
 .debug_macro   0x0000a1cf      0x109 src/ASF/common/services/ioport/xmega/ioport_compat.o
 .debug_macro   0x0000a2d8      0x1b7 src/ASF/xmega/boards/xmega_a3bu_xplained/init.o
 .debug_macro   0x0000a48f       0x2e src/ASF/xmega/boards/xmega_a3bu_xplained/init.o
 .debug_macro   0x0000a4bd      0x2c0 src/ASF/xmega/boards/xmega_a3bu_xplained/init.o
 .debug_macro   0x0000a77d      0x2e1 src/main.o
 .debug_macro   0x0000aa5e       0x34 src/main.o
 .debug_macro   0x0000aa92       0x40 src/main.o
 .debug_macro   0x0000aad2       0x28 src/main.o
 .debug_macro   0x0000aafa       0x1c src/main.o
OUTPUT(I2C_Slave.elf elf32-avr)
LOAD linker stubs

.BOOT           0x00040000        0x0
